Component: ARM Compiler 5.06 (build 20) Tool: armlink [4d35a3]

==============================================================================

Section Cross References

    main.o(.text) refers to _printf_pad.o(.text) for _printf_pre_padding
    main.o(.text) refers to _printf_percent.o(.ARM.Collect$$_printf_percent$$00000000) for _printf_percent
    main.o(.text) refers to _printf_d.o(.ARM.Collect$$_printf_percent$$00000009) for _printf_d
    main.o(.text) refers to _printf_s.o(.ARM.Collect$$_printf_percent$$00000014) for _printf_s
    main.o(.text) refers to _printf_dec.o(.text) for _printf_int_dec
    main.o(.text) refers to _printf_str.o(.text) for _printf_str
    main.o(.text) refers to _scanf_int.o(.text) for _scanf_int
    main.o(.text) refers to noretval__2printf.o(.text) for __2printf
    main.o(.text) refers to common.o(.text) for Wait_For_Enter
    main.o(.text) refers to uart_stdout.o(.text) for GetLine
    main.o(.text) refers to toupper.o(.text) for toupper
    main.o(.text) refers to __0sscanf.o(.text) for __0sscanf
    main.o(.text) refers to gpio_m3.o(.text) for gpio_m3_out
    main.o(.text) refers to lcd.o(.text) for lcd_init
    main.o(.text) refers to main.o(.bss) for status_str
    main.o(.text) refers to main.o(.data) for test_status
    main.o(.text) refers to common.o(.data) for RunAllTests
    main.o(.text) refers to flyer.o(.constdata) for flyerData
    main.o(.data) refers to apaaci.o(.text) for apAACI_TEST
    main.o(.data) refers to main.o(.conststring) for .conststring
    main.o(.data) refers to apclcd.o(.text) for apCLCD_TEST
    main.o(.data) refers to aptsc.o(.text) for apTSC_TEST
    main.o(.data) refers to apleds.o(.text) for apLEDS_TEST
    main.o(.data) refers to apssp.o(.text) for apSSP_TEST
    main.o(.data) refers to aplan.o(.text) for apLANI_TEST
    main.o(.data) refers to apmem.o(.text) for apMEM_TEST
    main.o(.data) refers to aptimer.o(.text) for apTIMER_TEST
    common.o(.text) refers to _printf_pad.o(.text) for _printf_pre_padding
    common.o(.text) refers to _printf_percent.o(.ARM.Collect$$_printf_percent$$00000000) for _printf_percent
    common.o(.text) refers to _printf_x.o(.ARM.Collect$$_printf_percent$$0000000C) for _printf_x
    common.o(.text) refers to _printf_s.o(.ARM.Collect$$_printf_percent$$00000014) for _printf_s
    common.o(.text) refers to _printf_hex_int.o(.text) for _printf_longlong_hex
    common.o(.text) refers to _printf_str.o(.text) for _printf_str
    common.o(.text) refers to noretval__2printf.o(.text) for __2printf
    common.o(.text) refers to fflush.o(.text) for fflush
    common.o(.text) refers to getc.o(.text) for getc
    common.o(.text) refers to strlen.o(.text) for strlen
    common.o(.text) refers to common.o(.conststring) for .conststring
    common.o(.text) refers to common.o(.data) for RunAllTests
    common.o(.text) refers to stdio_streams.o(.bss) for __stdin
    retarget.o(.rev16_text) refers (Special) to use_no_semi.o(.text) for __use_no_semihosting_swi
    retarget.o(.revsh_text) refers (Special) to use_no_semi.o(.text) for __use_no_semihosting_swi
    retarget.o(.text) refers (Special) to use_no_semi.o(.text) for __use_no_semihosting_swi
    retarget.o(.text) refers to uart_stdout.o(.text) for UartPutc
    retarget.o(.text) refers to strcmpv7m.o(.text) for strcmp
    retarget.o(.constdata) refers (Special) to use_no_semi.o(.text) for __use_no_semihosting_swi
    uart_stdout.o(.text) refers to fflush.o(.text) for fflush
    uart_stdout.o(.text) refers to system_cmsdk_cm3.o(.data) for SystemCoreClock
    uart_stdout.o(.text) refers to stdio_streams.o(.bss) for __stdout
    aptimer.o(.text) refers to _printf_percent.o(.ARM.Collect$$_printf_percent$$00000000) for _printf_percent
    aptimer.o(.text) refers to _printf_d.o(.ARM.Collect$$_printf_percent$$00000009) for _printf_d
    aptimer.o(.text) refers to _printf_dec.o(.text) for _printf_int_dec
    aptimer.o(.text) refers to common.o(.text) for ap_check_peripheral_interrupt
    aptimer.o(.text) refers to noretval__2printf.o(.text) for __2printf
    aptimer.o(.text) refers to cmsdk_driver.o(.text) for CMSDK_timer_SetValue
    apmem.o(.text) refers to _printf_pad.o(.text) for _printf_pre_padding
    apmem.o(.text) refers to _printf_percent.o(.ARM.Collect$$_printf_percent$$00000000) for _printf_percent
    apmem.o(.text) refers to _printf_x.o(.ARM.Collect$$_printf_percent$$0000000C) for _printf_x
    apmem.o(.text) refers to _printf_s.o(.ARM.Collect$$_printf_percent$$00000014) for _printf_s
    apmem.o(.text) refers to _printf_hex_int.o(.text) for _printf_longlong_hex
    apmem.o(.text) refers to _printf_str.o(.text) for _printf_str
    apmem.o(.text) refers to apmemsup.o(MemoryTest) for get_stack_ptr
    apmem.o(.text) refers to h1_alloc.o(.text) for malloc
    apmem.o(.text) refers to noretval__2printf.o(.text) for __2printf
    apmem.o(.text) refers to h1_free.o(.text) for free
    apmem.o(.text) refers to retarget.o(.text) for time
    apmem.o(.text) refers to rand.o(.text) for srand
    apmem.o(.text) refers to rand.o(.emb_text) for rand
    apmem.o(.text) refers to common.o(.text) for Wait_For_Enter
    apmem.o(.text) refers to apmem.o(.conststring) for .conststring
    apleds.o(.text) refers to _printf_percent.o(.ARM.Collect$$_printf_percent$$00000000) for _printf_percent
    apleds.o(.text) refers to _printf_c.o(.ARM.Collect$$_printf_percent$$00000013) for _printf_c
    apleds.o(.text) refers to _printf_str.o(.text) for _printf_str
    apleds.o(.text) refers to _printf_pad.o(.text) for _printf_pre_padding
    apleds.o(.text) refers to _printf_x.o(.ARM.Collect$$_printf_percent$$0000000C) for _printf_x
    apleds.o(.text) refers to _printf_hex_int.o(.text) for _printf_longlong_hex
    apleds.o(.text) refers to noretval__2printf.o(.text) for __2printf
    apleds.o(.text) refers to common.o(.text) for Wait_For_Enter
    apclcd.o(.text) refers to noretval__2printf.o(.text) for __2printf
    apclcd.o(.text) refers to common.o(.text) for Wait_For_Enter
    apclcd.o(.text) refers to glcd_spi_mps2.o(.text) for GLCD_Initialize
    apclcd.o(.text) refers to flyer.o(.constdata) for flyerData
    apclcd.o(.text) refers to intro.o(.constdata) for introData
    aptsc.o(.text) refers to _printf_pad.o(.text) for _printf_pre_padding
    aptsc.o(.text) refers to _printf_percent.o(.ARM.Collect$$_printf_percent$$00000000) for _printf_percent
    aptsc.o(.text) refers to _printf_x.o(.ARM.Collect$$_printf_percent$$0000000C) for _printf_x
    aptsc.o(.text) refers to _printf_hex_int.o(.text) for _printf_longlong_hex
    aptsc.o(.text) refers to tsc_i2c_mps2.o(.text) for TSC_I2C_clear
    aptsc.o(.text) refers to noretval__2printf.o(.text) for __2printf
    aptsc.o(.text) refers to common.o(.text) for apSleepus
    aptsc.o(.text) refers to glcd_spi_mps2.o(.text) for GLCD_Clear
    aptsc.o(.text) refers to intro.o(.constdata) for introData
    apaaci.o(.text) refers to _printf_percent.o(.ARM.Collect$$_printf_percent$$00000000) for _printf_percent
    apaaci.o(.text) refers to _printf_d.o(.ARM.Collect$$_printf_percent$$00000009) for _printf_d
    apaaci.o(.text) refers to _printf_dec.o(.text) for _printf_int_dec
    apaaci.o(.text) refers to _printf_pad.o(.text) for _printf_pre_padding
    apaaci.o(.text) refers to _printf_x.o(.ARM.Collect$$_printf_percent$$0000000C) for _printf_x
    apaaci.o(.text) refers to _printf_hex_int.o(.text) for _printf_longlong_hex
    apaaci.o(.text) refers to aaic_i2s_mps2.o(.text) for i2s_codec_set_reset
    apaaci.o(.text) refers to common.o(.text) for apSleep
    apaaci.o(.text) refers to aaic_i2c_mps2.o(.text) for AAIC_I2C_write
    apaaci.o(.text) refers to noretval__2printf.o(.text) for __2printf
    apaaci.o(.text) refers to common.o(.data) for RunAllTests
    apaaci.o(.text) refers to apaaci.o(.constdata) for sinewave
    apaaci.o(.text) refers to apaaci.o(.conststring) for .conststring
    aplan.o(.text) refers to _printf_pad.o(.text) for _printf_pre_padding
    aplan.o(.text) refers to _printf_percent.o(.ARM.Collect$$_printf_percent$$00000000) for _printf_percent
    aplan.o(.text) refers to _printf_x.o(.ARM.Collect$$_printf_percent$$0000000C) for _printf_x
    aplan.o(.text) refers to _printf_hex_int.o(.text) for _printf_longlong_hex
    aplan.o(.text) refers to _printf_d.o(.ARM.Collect$$_printf_percent$$00000009) for _printf_d
    aplan.o(.text) refers to _printf_dec.o(.text) for _printf_int_dec
    aplan.o(.text) refers to eth_mps2.o(.text) for smsc9220_read_id
    aplan.o(.text) refers to noretval__2printf.o(.text) for __2printf
    aplan.o(.text) refers to common.o(.text) for apSleep
    aplan.o(.text) refers to aplan.o(.conststring) for .conststring
    aplan.o(.text) refers to eth_mps2.o(.data) for SMSC9220
    aplan.o(.text) refers to aplan.o(.bss) for txpkt
    aplan.o(.text) refers to aplan.o(.data) for testpkt
    aplan.o(.text) refers to rt_memclr.o(.text) for __aeabi_memclr
    apssp.o(.text) refers to _printf_pad.o(.text) for _printf_pre_padding
    apssp.o(.text) refers to _printf_percent.o(.ARM.Collect$$_printf_percent$$00000000) for _printf_percent
    apssp.o(.text) refers to _printf_x.o(.ARM.Collect$$_printf_percent$$0000000C) for _printf_x
    apssp.o(.text) refers to _printf_hex_int.o(.text) for _printf_longlong_hex
    apssp.o(.text) refers to _printf_c.o(.ARM.Collect$$_printf_percent$$00000013) for _printf_c
    apssp.o(.text) refers to _printf_str.o(.text) for _printf_str
    apssp.o(.text) refers to common.o(.text) for apSleepus
    apssp.o(.text) refers to noretval__2printf.o(.text) for __2printf
    apssp.o(.text) refers to rt_memcpy_w.o(.text) for __aeabi_memcpy4
    startup_cmsdk_cm3.o(STACK) refers (Special) to heapauxi.o(.text) for __use_two_region_memory
    startup_cmsdk_cm3.o(HEAP) refers (Special) to heapauxi.o(.text) for __use_two_region_memory
    startup_cmsdk_cm3.o(RESET) refers (Special) to heapauxi.o(.text) for __use_two_region_memory
    startup_cmsdk_cm3.o(RESET) refers to startup_cmsdk_cm3.o(STACK) for __initial_sp
    startup_cmsdk_cm3.o(RESET) refers to startup_cmsdk_cm3.o(.text) for Reset_Handler
    startup_cmsdk_cm3.o(.text) refers (Special) to heapauxi.o(.text) for __use_two_region_memory
    startup_cmsdk_cm3.o(.text) refers to system_cmsdk_cm3.o(.text) for SystemInit
    startup_cmsdk_cm3.o(.text) refers to __main.o(!!!main) for __main
    startup_cmsdk_cm3.o(.text) refers to startup_cmsdk_cm3.o(HEAP) for Heap_Mem
    startup_cmsdk_cm3.o(.text) refers to startup_cmsdk_cm3.o(STACK) for Stack_Mem
    system_cmsdk_cm3.o(.text) refers to system_cmsdk_cm3.o(.data) for SystemCoreClock
    glcd_spi_mps2.o(.text) refers to gpio_m3.o(.text) for gpio_m3_out
    glcd_spi_mps2.o(.text) refers to glcd_spi_mps2.o(.data) for Color
    glcd_spi_mps2.o(.text) refers to glcd_spi_mps2.o(.constdata) for Font_6x8_h
    tsc_i2c_mps2.o(.text) refers to fpga.o(.text) for i2c_delay
    aaic_i2c_mps2.o(.text) refers to fpga.o(.text) for i2c_delay
    eth_mps2.o(.text) refers to fpga.o(.text) for Sleepms
    eth_mps2.o(.text) refers to eth_mps2.o(.data) for SMSC9220
    ov5640.o(.text) refers to _printf_percent.o(.ARM.Collect$$_printf_percent$$00000000) for _printf_percent
    ov5640.o(.text) refers to _printf_d.o(.ARM.Collect$$_printf_percent$$00000009) for _printf_d
    ov5640.o(.text) refers to _printf_dec.o(.text) for _printf_int_dec
    ov5640.o(.text) refers to sccb.o(.text) for SCCB_Start
    ov5640.o(.text) refers to noretval__2printf.o(.text) for __2printf
    ov5640.o(.text) refers to ov5640.o(.constdata) for ov5640_init_reg_tbl
    ov5640.o(.text) refers to ov5640.o(.data) for jpeg_buf_size
    lcd.o(.text) refers to gpio_m3.o(.text) for gpio_m3_out
    lcd.o(.text) refers to spi_mps2.o(.text) for spi_read_write_byte
    lcd.o(.text) refers to fonts.o(.constdata) for c_chFont1206
    lcd.o(.text) refers to fpga.o(.text) for Sleepms
    malloc.o(.text) refers (Special) to hguard.o(.text) for __heap$guard
    malloc.o(.text) refers (Special) to init_alloc.o(.text) for _init_alloc
    malloc.o(.text) refers to rt_heap_descriptor_intlibspace.o(.text) for __rt_heap_descriptor
    malloc.o(.text) refers to heapstubs.o(.text) for __Heap_Alloc
    free.o(.text) refers (Special) to hguard.o(.text) for __heap$guard
    free.o(.text) refers to rt_heap_descriptor_intlibspace.o(.text) for __rt_heap_descriptor
    free.o(.text) refers to heapstubs.o(.text) for __Heap_Free
    h1_alloc.o(.text) refers (Special) to h1_init.o(.text) for __Heap_Initialize
    h1_alloc.o(.text) refers to rt_heap_descriptor_intlibspace.o(.text) for __rt_heap_descriptor
    h1_alloc.o(.text) refers to init_alloc.o(.text) for __Heap_Full
    h1_free.o(.text) refers to rt_heap_descriptor_intlibspace.o(.text) for __rt_heap_descriptor
    h1_alloc_mt.o(.text) refers (Special) to h1_init.o(.text) for __Heap_Initialize
    h1_alloc_mt.o(.text) refers to init_alloc.o(.text) for __Heap_Full
    h1_alloc_mt.o(.text) refers to rt_heap_descriptor_intlibspace.o(.text) for __rt_heap_descriptor
    h1_free_mt.o(.text) refers to rt_heap_descriptor_intlibspace.o(.text) for __rt_heap_descriptor
    heap2.o(i._FDIterate) refers to heap2.o(.conststring) for .conststring
    heap2.o(i.___Heap_ProvideMemory$realtime) refers to fdtree.o(i._FDTree_Delete) for _FDTree_Delete
    heap2.o(i.___Heap_ProvideMemory$realtime) refers to fdtree.o(i._FDTree_Insert) for _FDTree_Insert
    heap2.o(i.___Heap_Stats$realtime) refers to heap2.o(i._Heap2_StatsIterate) for _Heap2_StatsIterate
    heap2.o(i.___Heap_Valid$realtime) refers to heap2.o(i._FDIterate) for _FDIterate
    heap2.o(i.___Heap_Valid$realtime) refers to heap2.o(.conststring) for .conststring
    heap2.o(i._free$realtime) refers to rt_heap_descriptor_intlibspace.o(.text) for __rt_heap_descriptor
    heap2.o(i._free$realtime) refers to fdtree.o(i._FDTree_Delete) for _FDTree_Delete
    heap2.o(i._free$realtime) refers to fdtree.o(i._FDTree_Insert) for _FDTree_Insert
    heap2.o(i._malloc$realtime) refers to rt_heap_descriptor_intlibspace.o(.text) for __rt_heap_descriptor
    heap2.o(i._malloc$realtime) refers to fdtree.o(i._FDTree_FindFirst) for _FDTree_FindFirst
    heap2.o(i._malloc$realtime) refers to init_alloc.o(.text) for __Heap_Full
    heap2.o(i._malloc$realtime) refers to fdtree.o(i._FDTree_RemoveNode) for _FDTree_RemoveNode
    heap2.o(i._malloc$realtime) refers to fdtree.o(i._FDTree_Insert) for _FDTree_Insert
    heap2.o(i._posix_memalign$realtime) refers to rt_heap_descriptor_intlibspace.o(.text) for __rt_heap_descriptor
    heap2.o(i._posix_memalign$realtime) refers to fdtree.o(i._FDTree_FindFirst) for _FDTree_FindFirst
    heap2.o(i._posix_memalign$realtime) refers to init_alloc.o(.text) for __Heap_Full
    heap2.o(i._posix_memalign$realtime) refers to fdtree.o(i._FDTree_RemoveNode) for _FDTree_RemoveNode
    heap2.o(i._posix_memalign$realtime) refers to fdtree.o(i._FDTree_Insert) for _FDTree_Insert
    heap2.o(i._realloc$realtime) refers to rt_heap_descriptor_intlibspace.o(.text) for __rt_heap_descriptor
    heap2.o(i._realloc$realtime) refers to fdtree.o(i._FDTree_Insert) for _FDTree_Insert
    heap2.o(i._realloc$realtime) refers to h1_free.o(.text) for free
    heap2.o(i._realloc$realtime) refers to h1_alloc.o(.text) for malloc
    heap2.o(i._realloc$realtime) refers to fdtree.o(i._FDTree_Delete) for _FDTree_Delete
    heap2.o(i._realloc$realtime) refers to rt_memcpy_w.o(.text) for __aeabi_memcpy4
    heap2mt.o(i._FDIterate) refers to heap2mt.o(.conststring) for .conststring
    heap2mt.o(i.___Heap_Initialize$realtime$concurrent) refers to mutex_dummy.o(.text) for _mutex_initialize
    heap2mt.o(i.___Heap_ProvideMemory$realtime$concurrent) refers to fdtree.o(i._FDTree_Delete) for _FDTree_Delete
    heap2mt.o(i.___Heap_ProvideMemory$realtime$concurrent) refers to fdtree.o(i._FDTree_Insert) for _FDTree_Insert
    heap2mt.o(i.___Heap_Stats$realtime$concurrent) refers to heap2mt.o(i._Heap2_StatsIterate) for _Heap2_StatsIterate
    heap2mt.o(i.___Heap_Valid$realtime$concurrent) refers to heap2mt.o(i._FDIterate) for _FDIterate
    heap2mt.o(i.___Heap_Valid$realtime$concurrent) refers to heap2mt.o(.conststring) for .conststring
    heap2mt.o(i._free$realtime$concurrent) refers to rt_heap_descriptor_intlibspace.o(.text) for __rt_heap_descriptor
    heap2mt.o(i._free$realtime$concurrent) refers to fdtree.o(i._FDTree_Delete) for _FDTree_Delete
    heap2mt.o(i._free$realtime$concurrent) refers to fdtree.o(i._FDTree_Insert) for _FDTree_Insert
    heap2mt.o(i._malloc$realtime$concurrent) refers to rt_heap_descriptor_intlibspace.o(.text) for __rt_heap_descriptor
    heap2mt.o(i._malloc$realtime$concurrent) refers to fdtree.o(i._FDTree_FindFirst) for _FDTree_FindFirst
    heap2mt.o(i._malloc$realtime$concurrent) refers to init_alloc.o(.text) for __Heap_Full
    heap2mt.o(i._malloc$realtime$concurrent) refers to fdtree.o(i._FDTree_RemoveNode) for _FDTree_RemoveNode
    heap2mt.o(i._malloc$realtime$concurrent) refers to fdtree.o(i._FDTree_Insert) for _FDTree_Insert
    heap2mt.o(i._posix_memalign$realtime$concurrent) refers to rt_heap_descriptor_intlibspace.o(.text) for __rt_heap_descriptor
    heap2mt.o(i._posix_memalign$realtime$concurrent) refers to fdtree.o(i._FDTree_FindFirst) for _FDTree_FindFirst
    heap2mt.o(i._posix_memalign$realtime$concurrent) refers to init_alloc.o(.text) for __Heap_Full
    heap2mt.o(i._posix_memalign$realtime$concurrent) refers to fdtree.o(i._FDTree_RemoveNode) for _FDTree_RemoveNode
    heap2mt.o(i._posix_memalign$realtime$concurrent) refers to fdtree.o(i._FDTree_Insert) for _FDTree_Insert
    heap2mt.o(i._realloc$realtime$concurrent) refers to rt_heap_descriptor_intlibspace.o(.text) for __rt_heap_descriptor
    heap2mt.o(i._realloc$realtime$concurrent) refers to fdtree.o(i._FDTree_Insert) for _FDTree_Insert
    heap2mt.o(i._realloc$realtime$concurrent) refers to h1_free.o(.text) for free
    heap2mt.o(i._realloc$realtime$concurrent) refers to h1_alloc.o(.text) for malloc
    heap2mt.o(i._realloc$realtime$concurrent) refers to fdtree.o(i._FDTree_Delete) for _FDTree_Delete
    heap2mt.o(i._realloc$realtime$concurrent) refers to rt_memcpy_w.o(.text) for __aeabi_memcpy4
    toupper.o(.text) refers to rt_ctype_table.o(.text) for __rt_ctype_table
    __2printf.o(.text) refers to _printf_char_file.o(.text) for _printf_char_file
    __2printf.o(.text) refers to stdio_streams.o(.bss) for __stdout
    noretval__2printf.o(.text) refers to _printf_char_file.o(.text) for _printf_char_file
    noretval__2printf.o(.text) refers to stdio_streams.o(.bss) for __stdout
    __printf.o(.text) refers to _printf_percent.o(.ARM.Collect$$_printf_percent$$00000000) for _printf_percent
    _printf_str.o(.text) refers (Special) to _printf_char.o(.text) for _printf_cs_common
    _printf_str.o(.text) refers (Weak) to _printf_pad.o(.text) for _printf_pre_padding
    _printf_str.o(.text) refers (Weak) to _printf_pad.o(.text) for _printf_post_padding
    _printf_dec.o(.text) refers to _printf_intcommon.o(.text) for _printf_int_common
    _printf_hex_ll.o(.text) refers to _printf_intcommon.o(.text) for _printf_int_common
    _printf_hex_ll.o(.text) refers to _printf_hex_ll.o(.constdata) for .constdata
    _printf_hex_int.o(.text) refers to _printf_intcommon.o(.text) for _printf_int_common
    _printf_hex_int.o(.text) refers to _printf_hex_int.o(.constdata) for .constdata
    _printf_hex_int_ll.o(.text) refers to _printf_intcommon.o(.text) for _printf_int_common
    _printf_hex_int_ll.o(.text) refers to _printf_hex_int_ll.o(.constdata) for .constdata
    _printf_hex_ptr.o(.text) refers to _printf_intcommon.o(.text) for _printf_int_common
    _printf_hex_ptr.o(.text) refers to _printf_hex_ptr.o(.constdata) for .constdata
    _printf_hex_int_ptr.o(.text) refers to _printf_intcommon.o(.text) for _printf_int_common
    _printf_hex_int_ptr.o(.text) refers to _printf_hex_int_ptr.o(.constdata) for .constdata
    _printf_hex_ll_ptr.o(.text) refers to _printf_intcommon.o(.text) for _printf_int_common
    _printf_hex_ll_ptr.o(.text) refers to _printf_hex_ll_ptr.o(.constdata) for .constdata
    _printf_hex_int_ll_ptr.o(.text) refers to _printf_intcommon.o(.text) for _printf_int_common
    _printf_hex_int_ll_ptr.o(.text) refers to _printf_hex_int_ll_ptr.o(.constdata) for .constdata
    __printf_flags.o(.text) refers to _printf_percent.o(.ARM.Collect$$_printf_percent$$00000000) for _printf_percent
    __printf_flags.o(.text) refers to __printf_flags.o(.constdata) for .constdata
    __printf_ss.o(.text) refers to _printf_percent.o(.ARM.Collect$$_printf_percent$$00000000) for _printf_percent
    __printf_flags_ss.o(.text) refers to _printf_percent.o(.ARM.Collect$$_printf_percent$$00000000) for _printf_percent
    __printf_flags_ss.o(.text) refers to __printf_flags_ss.o(.constdata) for .constdata
    __printf_wp.o(.text) refers to __printf_wp.o(i._is_digit) for _is_digit
    __printf_wp.o(.text) refers to _printf_percent.o(.ARM.Collect$$_printf_percent$$00000000) for _printf_percent
    __printf_flags_wp.o(.text) refers to __printf_wp.o(i._is_digit) for _is_digit
    __printf_flags_wp.o(.text) refers to _printf_percent.o(.ARM.Collect$$_printf_percent$$00000000) for _printf_percent
    __printf_flags_wp.o(.text) refers to __printf_flags_wp.o(.constdata) for .constdata
    __printf_ss_wp.o(.text) refers to __printf_wp.o(i._is_digit) for _is_digit
    __printf_ss_wp.o(.text) refers to _printf_percent.o(.ARM.Collect$$_printf_percent$$00000000) for _printf_percent
    __printf_flags_ss_wp.o(.text) refers to __printf_wp.o(i._is_digit) for _is_digit
    __printf_flags_ss_wp.o(.text) refers to _printf_percent.o(.ARM.Collect$$_printf_percent$$00000000) for _printf_percent
    __printf_flags_ss_wp.o(.text) refers to __printf_flags_ss_wp.o(.constdata) for .constdata
    _printf_c.o(.ARM.Collect$$_printf_percent$$00000013) refers (Weak) to _printf_char.o(.text) for _printf_char
    _printf_s.o(.ARM.Collect$$_printf_percent$$00000014) refers (Weak) to _printf_char.o(.text) for _printf_string
    _printf_x.o(.ARM.Collect$$_printf_percent$$0000000C) refers (Weak) to _printf_hex_int.o(.text) for _printf_int_hex
    _printf_d.o(.ARM.Collect$$_printf_percent$$00000009) refers (Weak) to _printf_dec.o(.text) for _printf_int_dec
    _printf_percent.o(.ARM.Collect$$_printf_percent$$00000000) refers (Special) to _printf_percent_end.o(.ARM.Collect$$_printf_percent$$00000017) for _printf_percent_end
    __0sscanf.o(.text) refers to scanf_char.o(.text) for __vfscanf_char
    __0sscanf.o(.text) refers to _sgetc.o(.text) for _sgetc
    _scanf_int.o(.text) refers to _chval.o(.text) for _chval
    fflush.o(.text) refers to stdio.o(.text) for _fflush
    fflush.o(.text) refers to fseek.o(.text) for _fseek
    fflush.o(.text) refers to stdio_streams.o(.bss) for __stdin
    getc.o(.text) refers to retarget.o(.text) for fgetc
    stdio_streams.o(.bss) refers (Special) to initio.o(.text) for _initio
    stdio_streams.o(.bss) refers (Special) to initio.o(.text) for _initio
    stdio_streams.o(.bss) refers (Special) to initio.o(.text) for _initio
    stdio_streams.o(.data) refers (Special) to initio.o(.text) for _initio
    stdio_streams.o(.data) refers (Special) to initio.o(.text) for _initio
    stdio_streams.o(.data) refers (Special) to initio.o(.text) for _initio
    fflush_locked.o(.text) refers to stdio.o(.text) for _fflush
    fflush_locked.o(.text) refers to fseek.o(.text) for _fseek
    fflush_locked.o(.text) refers to fflush.o(.text) for _do_fflush
    fflush_locked.o(.text) refers to streamlock.o(.data) for _stream_list_lock
    fflush_locked.o(.text) refers to stdio_streams.o(.bss) for __stdin
    rand.o(.emb_text) refers (Special) to libinit2.o(.ARM.Collect$$libinit$$0000000D) for __rt_lib_init_rand_2
    rand.o(.emb_text) refers to rand.o(.text) for _rand_init
    rand.o(.emb_text) refers to rand.o(.bss) for _random_number_data
    rand.o(.text) refers (Special) to libinit2.o(.ARM.Collect$$libinit$$0000000D) for __rt_lib_init_rand_2
    rand.o(.text) refers to rand.o(.bss) for .bss
    rand.o(.bss) refers (Special) to libinit2.o(.ARM.Collect$$libinit$$0000000D) for __rt_lib_init_rand_2
    rt_memclr.o(.text) refers to rt_memclr_w.o(.text) for _memset_w
    __main.o(!!!main) refers to __rtentry.o(.ARM.Collect$$rtentry$$00000000) for __rt_entry
    __rtentry.o(.ARM.Collect$$rtentry$$00000000) refers (Special) to __rtentry2.o(.ARM.Collect$$rtentry$$0000000A) for __rt_entry_li
    __rtentry.o(.ARM.Collect$$rtentry$$00000000) refers (Special) to __rtentry2.o(.ARM.Collect$$rtentry$$0000000D) for __rt_entry_main
    __rtentry.o(.ARM.Collect$$rtentry$$00000000) refers (Special) to __rtentry2.o(.ARM.Collect$$rtentry$$0000000C) for __rt_entry_postli_1
    __rtentry.o(.ARM.Collect$$rtentry$$00000000) refers (Special) to __rtentry2.o(.ARM.Collect$$rtentry$$00000009) for __rt_entry_postsh_1
    __rtentry.o(.ARM.Collect$$rtentry$$00000000) refers (Special) to __rtentry2.o(.ARM.Collect$$rtentry$$00000002) for __rt_entry_presh_1
    __rtentry.o(.ARM.Collect$$rtentry$$00000000) refers (Special) to __rtentry4.o(.ARM.Collect$$rtentry$$00000004) for __rt_entry_sh
    rt_ctype_table.o(.text) refers to rt_locale_intlibspace.o(.text) for __rt_locale
    rt_ctype_table.o(.text) refers to lc_ctype_c.o(locale$$code) for _get_lc_ctype
    rt_heap_descriptor.o(.text) refers to rt_heap_descriptor.o(.bss) for __rt_heap_descriptor_data
    rt_heap_descriptor_intlibspace.o(.text) refers to libspace.o(.bss) for __libspace_start
    init_alloc.o(.text) refers (Special) to hguard.o(.text) for __heap$guard
    init_alloc.o(.text) refers (Special) to libinit2.o(.ARM.Collect$$libinit$$00000005) for __rt_lib_init_heap_2
    init_alloc.o(.text) refers (Special) to maybetermalloc1.o(.emb_text) for _maybe_terminate_alloc
    init_alloc.o(.text) refers to h1_extend.o(.text) for __Heap_ProvideMemory
    init_alloc.o(.text) refers to defsig_rtmem_outer.o(.text) for __rt_SIGRTMEM
    init_alloc.o(.text) refers to rt_heap_descriptor_intlibspace.o(.text) for __rt_heap_descriptor
    init_alloc.o(.text) refers to h1_init.o(.text) for __Heap_Initialize
    h1_init_mt.o(.text) refers to mutex_dummy.o(.text) for _mutex_initialize
    _printf_intcommon.o(.text) refers (Weak) to _printf_pad.o(.text) for _printf_pre_padding
    _printf_intcommon.o(.text) refers (Weak) to _printf_pad.o(.text) for _printf_pre_padding
    _printf_intcommon.o(.text) refers (Weak) to _printf_pad.o(.text) for _printf_post_padding
    _printf_char.o(.text) refers (Weak) to _printf_str.o(.text) for _printf_str
    _printf_char_file.o(.text) refers to _printf_char_common.o(.text) for _printf_char_common
    _printf_char_file.o(.text) refers to retarget.o(.text) for ferror
    scanf_char.o(.text) refers to _scanf.o(.text) for __vfscanf
    scanf_char.o(.text) refers to isspace.o(.text) for isspace
    fseek.o(.text) refers to retarget.o(.text) for _sys_istty
    fseek.o(.text) refers to ftell.o(.text) for _ftell_internal
    fseek.o(.text) refers to stdio.o(.text) for _seterr
    stdio.o(.text) refers to retarget.o(.text) for _sys_seek
    streamlock.o(.data) refers (Special) to initio.o(.text) for _initio
    initio.o(.text) refers (Special) to libinit2.o(.ARM.Collect$$libinit$$00000024) for __rt_lib_init_stdio_2
    initio.o(.text) refers (Special) to libshutdown2.o(.ARM.Collect$$libshutdown$$00000003) for __rt_lib_shutdown_stdio_2
    initio.o(.text) refers to rt_memclr_w.o(.text) for __aeabi_memclr4
    initio.o(.text) refers to fopen.o(.text) for freopen
    initio.o(.text) refers to defsig_rtred_outer.o(.text) for __rt_SIGRTRED
    initio.o(.text) refers to setvbuf.o(.text) for setvbuf
    initio.o(.text) refers to fclose.o(.text) for _fclose_internal
    initio.o(.text) refers to h1_free.o(.text) for free
    initio.o(.text) refers to stdio_streams.o(.bss) for __stdin
    initio.o(.text) refers to stdio_streams.o(.bss) for __stdout
    initio.o(.text) refers to stdio_streams.o(.bss) for __stderr
    initio.o(.text) refers to stdio_streams.o(.data) for __aeabi_stdin
    initio.o(.text) refers to stdio_streams.o(.data) for __aeabi_stdout
    initio.o(.text) refers to stdio_streams.o(.data) for __aeabi_stderr
    initio.o(.text) refers to retarget.o(.constdata) for __stdin_name
    initio_locked.o(.text) refers (Special) to libinit2.o(.ARM.Collect$$libinit$$00000024) for __rt_lib_init_stdio_2
    initio_locked.o(.text) refers (Special) to libshutdown2.o(.ARM.Collect$$libshutdown$$00000003) for __rt_lib_shutdown_stdio_2
    initio_locked.o(.text) refers to rt_memclr_w.o(.text) for __aeabi_memclr4
    initio_locked.o(.text) refers to fopen.o(.text) for freopen
    initio_locked.o(.text) refers to defsig_rtred_outer.o(.text) for __rt_SIGRTRED
    initio_locked.o(.text) refers to setvbuf.o(.text) for setvbuf
    initio_locked.o(.text) refers to fclose.o(.text) for _fclose_internal
    initio_locked.o(.text) refers to h1_free.o(.text) for free
    initio_locked.o(.text) refers to stdio_streams.o(.bss) for __stdin
    initio_locked.o(.text) refers to stdio_streams.o(.bss) for __stdout
    initio_locked.o(.text) refers to stdio_streams.o(.bss) for __stderr
    initio_locked.o(.text) refers to stdio_streams.o(.data) for __aeabi_stdin
    initio_locked.o(.text) refers to stdio_streams.o(.data) for __aeabi_stdout
    initio_locked.o(.text) refers to stdio_streams.o(.data) for __aeabi_stderr
    initio_locked.o(.text) refers to streamlock.o(.data) for _stream_list_lock
    initio_locked.o(.text) refers to retarget.o(.constdata) for __stdin_name
    _get_argv.o(.text) refers (Special) to hrguard.o(.text) for __heap_region$guard
    _get_argv.o(.text) refers to h1_alloc.o(.text) for malloc
    _get_argv.o(.text) refers to defsig_rtmem_outer.o(.text) for __rt_SIGRTMEM
    _get_argv.o(.text) refers to retarget.o(.text) for _sys_command_string
    libinit2.o(.ARM.Collect$$libinit$$00000005) refers (Weak) to init_alloc.o(.text) for _init_alloc
    libinit2.o(.ARM.Collect$$libinit$$0000000D) refers (Weak) to rand.o(.text) for _rand_init
    libinit2.o(.ARM.Collect$$libinit$$0000000F) refers (Weak) to rt_locale_intlibspace.o(.text) for __rt_locale
    libinit2.o(.ARM.Collect$$libinit$$00000010) refers to libinit2.o(.ARM.Collect$$libinit$$0000000F) for .ARM.Collect$$libinit$$0000000F
    libinit2.o(.ARM.Collect$$libinit$$00000012) refers to libinit2.o(.ARM.Collect$$libinit$$0000000F) for .ARM.Collect$$libinit$$0000000F
    libinit2.o(.ARM.Collect$$libinit$$00000012) refers (Weak) to lc_ctype_c.o(locale$$code) for _get_lc_ctype
    libinit2.o(.ARM.Collect$$libinit$$00000014) refers to libinit2.o(.ARM.Collect$$libinit$$0000000F) for .ARM.Collect$$libinit$$0000000F
    libinit2.o(.ARM.Collect$$libinit$$00000016) refers to libinit2.o(.ARM.Collect$$libinit$$0000000F) for .ARM.Collect$$libinit$$0000000F
    libinit2.o(.ARM.Collect$$libinit$$00000018) refers to libinit2.o(.ARM.Collect$$libinit$$0000000F) for .ARM.Collect$$libinit$$0000000F
    libinit2.o(.ARM.Collect$$libinit$$00000024) refers (Weak) to initio.o(.text) for _initio
    libinit2.o(.ARM.Collect$$libinit$$00000026) refers to argv_veneer.o(.emb_text) for __ARM_argv_veneer
    libinit2.o(.ARM.Collect$$libinit$$00000027) refers to argv_veneer.o(.emb_text) for __ARM_argv_veneer
    libspace.o(.text) refers to libspace.o(.bss) for __libspace_start
    __rtentry2.o(.ARM.Collect$$rtentry$$00000008) refers to boardinit2.o(.text) for _platform_post_stackheap_init
    __rtentry2.o(.ARM.Collect$$rtentry$$0000000A) refers to libinit.o(.ARM.Collect$$libinit$$00000000) for __rt_lib_init
    __rtentry2.o(.ARM.Collect$$rtentry$$0000000B) refers to boardinit3.o(.text) for _platform_post_lib_init
    __rtentry2.o(.ARM.Collect$$rtentry$$0000000D) refers to main.o(.text) for main
    __rtentry2.o(.ARM.Collect$$rtentry$$0000000D) refers to exit.o(.text) for exit
    __rtentry2.o(.ARM.exidx) refers to __rtentry2.o(.ARM.Collect$$rtentry$$00000001) for .ARM.Collect$$rtentry$$00000001
    __rtentry2.o(.ARM.exidx) refers to __rtentry2.o(.ARM.Collect$$rtentry$$00000008) for .ARM.Collect$$rtentry$$00000008
    __rtentry2.o(.ARM.exidx) refers to __rtentry2.o(.ARM.Collect$$rtentry$$0000000A) for .ARM.Collect$$rtentry$$0000000A
    __rtentry2.o(.ARM.exidx) refers to __rtentry2.o(.ARM.Collect$$rtentry$$0000000B) for .ARM.Collect$$rtentry$$0000000B
    __rtentry2.o(.ARM.exidx) refers to __rtentry2.o(.ARM.Collect$$rtentry$$0000000D) for .ARM.Collect$$rtentry$$0000000D
    __rtentry4.o(.ARM.Collect$$rtentry$$00000004) refers to sys_stackheap_outer.o(.text) for __user_setup_stackheap
    __rtentry4.o(.ARM.exidx) refers to __rtentry4.o(.ARM.Collect$$rtentry$$00000004) for .ARM.Collect$$rtentry$$00000004
    rt_locale.o(.text) refers to rt_locale.o(.bss) for __rt_locale_data
    rt_locale_intlibspace.o(.text) refers to libspace.o(.bss) for __libspace_start
    maybetermalloc2.o(.emb_text) refers (Special) to term_alloc.o(.text) for _terminate_alloc
    h1_extend.o(.text) refers to h1_free.o(.text) for free
    h1_extend_mt.o(.text) refers to h1_free_mt.o(.text) for _free_internal
    isspace.o(.text) refers to rt_ctype_table.o(.text) for __rt_ctype_table
    _printf_char_common.o(.text) refers to __printf_flags_wp.o(.text) for __printf
    _scanf.o(.text) refers (Weak) to _scanf_int.o(.text) for _scanf_int
    ftell.o(.text) refers to rt_errno_addr_intlibspace.o(.text) for __aeabi_errno_addr
    fopen.o(.text) refers to fclose.o(.text) for _fclose_internal
    fopen.o(.text) refers to retarget.o(.text) for _sys_open
    fopen.o(.text) refers to fseek.o(.text) for _fseek
    fopen.o(.text) refers to h1_alloc.o(.text) for malloc
    fopen.o(.text) refers to rt_memclr_w.o(.text) for __aeabi_memclr4
    fopen.o(.text) refers to stdio_streams.o(.bss) for __stdin
    fclose.o(.text) refers to stdio.o(.text) for _fflush
    fclose.o(.text) refers to retarget.o(.text) for _sys_close
    fclose.o(.text) refers to h1_free.o(.text) for free
    fclose.o(.text) refers to rt_memclr_w.o(.text) for __aeabi_memclr4
    fopen_locked.o(.text) refers to fclose.o(.text) for _fclose_internal
    fopen_locked.o(.text) refers to retarget.o(.text) for _sys_open
    fopen_locked.o(.text) refers to fseek.o(.text) for _fseek
    fopen_locked.o(.text) refers to h1_alloc.o(.text) for malloc
    fopen_locked.o(.text) refers to rt_memclr_w.o(.text) for __aeabi_memclr4
    fopen_locked.o(.text) refers to streamlock.o(.data) for _stream_list_lock
    fopen_locked.o(.text) refers to stdio_streams.o(.bss) for __stdin
    lc_ctype_c.o(locale$$data) refers (Special) to libinit2.o(.ARM.Collect$$libinit$$00000012) for __rt_lib_init_lc_ctype_2
    lc_ctype_c.o(locale$$code) refers (Special) to libinit2.o(.ARM.Collect$$libinit$$00000012) for __rt_lib_init_lc_ctype_2
    lc_ctype_c.o(locale$$code) refers to strcmpv7m.o(.text) for strcmp
    lc_ctype_c.o(locale$$code) refers to lc_ctype_c.o(locale$$data) for __lcctype_c_name
    defsig_rtred_outer.o(.text) refers to defsig_rtred_inner.o(.text) for __rt_SIGRTRED_inner
    defsig_rtred_outer.o(.text) refers to defsig_exit.o(.text) for __sig_exit
    defsig_rtred_formal.o(.text) refers to rt_raise.o(.text) for __rt_raise
    defsig_rtmem_outer.o(.text) refers to defsig_rtmem_inner.o(.text) for __rt_SIGRTMEM_inner
    defsig_rtmem_outer.o(.text) refers to defsig_exit.o(.text) for __sig_exit
    defsig_rtmem_formal.o(.text) refers to rt_raise.o(.text) for __rt_raise
    heapauxa.o(.text) refers to heapauxa.o(.data) for .data
    argv_veneer.o(.emb_text) refers to no_argv.o(.text) for __ARM_get_argv
    libshutdown2.o(.ARM.Collect$$libshutdown$$00000003) refers (Weak) to initio.o(.text) for _terminateio
    libshutdown2.o(.ARM.Collect$$libshutdown$$0000000D) refers (Weak) to term_alloc.o(.text) for _terminate_alloc
    sys_stackheap_outer.o(.text) refers to libspace.o(.text) for __user_perproc_libspace
    sys_stackheap_outer.o(.text) refers to startup_cmsdk_cm3.o(.text) for __user_initial_stackheap
    rt_raise.o(.text) refers to __raise.o(.text) for __raise
    rt_raise.o(.text) refers to retarget.o(.text) for _sys_exit
    rt_errno_addr.o(.text) refers to rt_errno_addr.o(.bss) for __aeabi_errno_addr_data
    rt_errno_addr_intlibspace.o(.text) refers to libspace.o(.bss) for __libspace_start
    term_alloc.o(.text) refers (Special) to libshutdown2.o(.ARM.Collect$$libshutdown$$0000000E) for __rt_lib_shutdown_heap_2
    term_alloc.o(.text) refers to rt_heap_descriptor_intlibspace.o(.text) for __rt_heap_descriptor
    term_alloc.o(.text) refers to h1_final.o(.text) for __Heap_Finalize
    exit.o(.text) refers to rtexit.o(.ARM.Collect$$rtexit$$00000000) for __rt_exit
    defsig_exit.o(.text) refers to retarget.o(.text) for _sys_exit
    defsig_rtred_inner.o(.text) refers to defsig_general.o(.text) for __default_signal_display
    defsig_rtmem_inner.o(.text) refers to defsig_general.o(.text) for __default_signal_display
    _get_argv_nomalloc.o(.text) refers (Special) to hrguard.o(.text) for __heap_region$guard
    _get_argv_nomalloc.o(.text) refers to defsig_rtmem_outer.o(.text) for __rt_SIGRTMEM
    _get_argv_nomalloc.o(.text) refers to retarget.o(.text) for _sys_command_string
    libinit.o(.ARM.Collect$$libinit$$00000000) refers (Special) to libinit2.o(.ARM.Collect$$libinit$$0000002E) for __rt_lib_init_alloca_1
    libinit.o(.ARM.Collect$$libinit$$00000000) refers (Special) to libinit2.o(.ARM.Collect$$libinit$$0000002C) for __rt_lib_init_argv_1
    libinit.o(.ARM.Collect$$libinit$$00000000) refers (Special) to libinit2.o(.ARM.Collect$$libinit$$0000001B) for __rt_lib_init_atexit_1
    libinit.o(.ARM.Collect$$libinit$$00000000) refers (Special) to libinit2.o(.ARM.Collect$$libinit$$00000021) for __rt_lib_init_clock_1
    libinit.o(.ARM.Collect$$libinit$$00000000) refers (Special) to libinit2.o(.ARM.Collect$$libinit$$00000032) for __rt_lib_init_cpp_1
    libinit.o(.ARM.Collect$$libinit$$00000000) refers (Special) to libinit2.o(.ARM.Collect$$libinit$$00000030) for __rt_lib_init_exceptions_1
    libinit.o(.ARM.Collect$$libinit$$00000000) refers (Special) to libinit2.o(.ARM.Collect$$libinit$$00000002) for __rt_lib_init_fp_1
    libinit.o(.ARM.Collect$$libinit$$00000000) refers (Special) to libinit2.o(.ARM.Collect$$libinit$$0000001F) for __rt_lib_init_fp_trap_1
    libinit.o(.ARM.Collect$$libinit$$00000000) refers (Special) to libinit2.o(.ARM.Collect$$libinit$$00000023) for __rt_lib_init_getenv_1
    libinit.o(.ARM.Collect$$libinit$$00000000) refers (Special) to libinit2.o(.ARM.Collect$$libinit$$0000000A) for __rt_lib_init_heap_1
    libinit.o(.ARM.Collect$$libinit$$00000000) refers (Special) to libinit2.o(.ARM.Collect$$libinit$$00000011) for __rt_lib_init_lc_collate_1
    libinit.o(.ARM.Collect$$libinit$$00000000) refers (Special) to libinit2.o(.ARM.Collect$$libinit$$00000013) for __rt_lib_init_lc_ctype_1
    libinit.o(.ARM.Collect$$libinit$$00000000) refers (Special) to libinit2.o(.ARM.Collect$$libinit$$00000015) for __rt_lib_init_lc_monetary_1
    libinit.o(.ARM.Collect$$libinit$$00000000) refers (Special) to libinit2.o(.ARM.Collect$$libinit$$00000017) for __rt_lib_init_lc_numeric_1
    libinit.o(.ARM.Collect$$libinit$$00000000) refers (Special) to libinit2.o(.ARM.Collect$$libinit$$00000019) for __rt_lib_init_lc_time_1
    libinit.o(.ARM.Collect$$libinit$$00000000) refers (Special) to libinit2.o(.ARM.Collect$$libinit$$00000004) for __rt_lib_init_preinit_1
    libinit.o(.ARM.Collect$$libinit$$00000000) refers (Special) to libinit2.o(.ARM.Collect$$libinit$$0000000E) for __rt_lib_init_rand_1
    libinit.o(.ARM.Collect$$libinit$$00000000) refers (Special) to libinit2.o(.ARM.Collect$$libinit$$00000033) for __rt_lib_init_return
    libinit.o(.ARM.Collect$$libinit$$00000000) refers (Special) to libinit2.o(.ARM.Collect$$libinit$$0000001D) for __rt_lib_init_signal_1
    libinit.o(.ARM.Collect$$libinit$$00000000) refers (Special) to libinit2.o(.ARM.Collect$$libinit$$00000025) for __rt_lib_init_stdio_1
    libinit.o(.ARM.Collect$$libinit$$00000000) refers (Special) to libinit2.o(.ARM.Collect$$libinit$$0000000C) for __rt_lib_init_user_alloc_1
    rtexit.o(.ARM.Collect$$rtexit$$00000000) refers (Special) to rtexit2.o(.ARM.Collect$$rtexit$$00000004) for __rt_exit_exit
    rtexit.o(.ARM.Collect$$rtexit$$00000000) refers (Special) to rtexit2.o(.ARM.Collect$$rtexit$$00000003) for __rt_exit_ls
    rtexit.o(.ARM.Collect$$rtexit$$00000000) refers (Special) to rtexit2.o(.ARM.Collect$$rtexit$$00000002) for __rt_exit_prels_1
    rtexit.o(.ARM.exidx) refers (Special) to rtexit2.o(.ARM.Collect$$rtexit$$00000004) for __rt_exit_exit
    rtexit.o(.ARM.exidx) refers (Special) to rtexit2.o(.ARM.Collect$$rtexit$$00000003) for __rt_exit_ls
    rtexit.o(.ARM.exidx) refers (Special) to rtexit2.o(.ARM.Collect$$rtexit$$00000002) for __rt_exit_prels_1
    rtexit.o(.ARM.exidx) refers to rtexit.o(.ARM.Collect$$rtexit$$00000000) for .ARM.Collect$$rtexit$$00000000
    __raise.o(.text) refers to defsig.o(CL$$defsig) for __default_signal_handler
    defsig_general.o(.text) refers to retarget.o(.text) for _ttywrch
    rtexit2.o(.ARM.Collect$$rtexit$$00000003) refers to libshutdown.o(.ARM.Collect$$libshutdown$$00000000) for __rt_lib_shutdown
    rtexit2.o(.ARM.Collect$$rtexit$$00000004) refers to retarget.o(.text) for _sys_exit
    rtexit2.o(.ARM.exidx) refers to rtexit2.o(.ARM.Collect$$rtexit$$00000001) for .ARM.Collect$$rtexit$$00000001
    rtexit2.o(.ARM.exidx) refers to rtexit2.o(.ARM.Collect$$rtexit$$00000003) for .ARM.Collect$$rtexit$$00000003
    rtexit2.o(.ARM.exidx) refers to rtexit2.o(.ARM.Collect$$rtexit$$00000004) for .ARM.Collect$$rtexit$$00000004
    defsig.o(CL$$defsig) refers to defsig_rtred_inner.o(.text) for __rt_SIGRTRED_inner
    defsig.o(CL$$defsig) refers to defsig_rtmem_inner.o(.text) for __rt_SIGRTMEM_inner
    defsig_abrt_inner.o(.text) refers to defsig_general.o(.text) for __default_signal_display
    defsig_fpe_inner.o(.text) refers to defsig_general.o(.text) for __default_signal_display
    defsig_stak_inner.o(.text) refers to defsig_general.o(.text) for __default_signal_display
    defsig_pvfn_inner.o(.text) refers to defsig_general.o(.text) for __default_signal_display
    defsig_cppl_inner.o(.text) refers to defsig_general.o(.text) for __default_signal_display
    defsig_segv_inner.o(.text) refers to defsig_general.o(.text) for __default_signal_display
    defsig_other.o(.text) refers to defsig_general.o(.text) for __default_signal_display
    libshutdown.o(.ARM.Collect$$libshutdown$$00000000) refers (Special) to libshutdown2.o(.ARM.Collect$$libshutdown$$00000002) for __rt_lib_shutdown_cpp_1
    libshutdown.o(.ARM.Collect$$libshutdown$$00000000) refers (Special) to libshutdown2.o(.ARM.Collect$$libshutdown$$00000007) for __rt_lib_shutdown_fp_trap_1
    libshutdown.o(.ARM.Collect$$libshutdown$$00000000) refers (Special) to libshutdown2.o(.ARM.Collect$$libshutdown$$0000000F) for __rt_lib_shutdown_heap_1
    libshutdown.o(.ARM.Collect$$libshutdown$$00000000) refers (Special) to libshutdown2.o(.ARM.Collect$$libshutdown$$00000010) for __rt_lib_shutdown_return
    libshutdown.o(.ARM.Collect$$libshutdown$$00000000) refers (Special) to libshutdown2.o(.ARM.Collect$$libshutdown$$0000000A) for __rt_lib_shutdown_signal_1
    libshutdown.o(.ARM.Collect$$libshutdown$$00000000) refers (Special) to libshutdown2.o(.ARM.Collect$$libshutdown$$00000004) for __rt_lib_shutdown_stdio_1
    libshutdown.o(.ARM.Collect$$libshutdown$$00000000) refers (Special) to libshutdown2.o(.ARM.Collect$$libshutdown$$0000000C) for __rt_lib_shutdown_user_alloc_1


==============================================================================

Removing Unused input sections from the image.

    Removing main.o(.rev16_text), (4 bytes).
    Removing main.o(.revsh_text), (4 bytes).
    Removing common.o(.rev16_text), (4 bytes).
    Removing common.o(.revsh_text), (4 bytes).
    Removing retarget.o(.rev16_text), (4 bytes).
    Removing retarget.o(.revsh_text), (4 bytes).
    Removing uart_stdout.o(.rev16_text), (4 bytes).
    Removing uart_stdout.o(.revsh_text), (4 bytes).
    Removing aptimer.o(.rev16_text), (4 bytes).
    Removing aptimer.o(.revsh_text), (4 bytes).
    Removing apmem.o(.rev16_text), (4 bytes).
    Removing apmem.o(.revsh_text), (4 bytes).
    Removing apleds.o(.rev16_text), (4 bytes).
    Removing apleds.o(.revsh_text), (4 bytes).
    Removing apaaci.o(.rev16_text), (4 bytes).
    Removing apaaci.o(.revsh_text), (4 bytes).
    Removing aplan.o(.rev16_text), (4 bytes).
    Removing aplan.o(.revsh_text), (4 bytes).
    Removing apssp.o(.rev16_text), (4 bytes).
    Removing apssp.o(.revsh_text), (4 bytes).
    Removing cmsdk_driver.o(.rev16_text), (4 bytes).
    Removing cmsdk_driver.o(.revsh_text), (4 bytes).
    Removing system_cmsdk_cm3.o(.rev16_text), (4 bytes).
    Removing system_cmsdk_cm3.o(.revsh_text), (4 bytes).
    Removing glcd_spi_mps2.o(.rev16_text), (4 bytes).
    Removing glcd_spi_mps2.o(.revsh_text), (4 bytes).
    Removing tsc_i2c_mps2.o(.rev16_text), (4 bytes).
    Removing tsc_i2c_mps2.o(.revsh_text), (4 bytes).
    Removing aaic_i2c_mps2.o(.rev16_text), (4 bytes).
    Removing aaic_i2c_mps2.o(.revsh_text), (4 bytes).
    Removing aaic_i2s_mps2.o(.rev16_text), (4 bytes).
    Removing aaic_i2s_mps2.o(.revsh_text), (4 bytes).
    Removing eth_mps2.o(.rev16_text), (4 bytes).
    Removing eth_mps2.o(.revsh_text), (4 bytes).
    Removing fpga.o(.rev16_text), (4 bytes).
    Removing fpga.o(.revsh_text), (4 bytes).
    Removing led.o(.rev16_text), (4 bytes).
    Removing led.o(.revsh_text), (4 bytes).
    Removing led.o(.text), (160 bytes).
    Removing gpio_m3.o(.rev16_text), (4 bytes).
    Removing gpio_m3.o(.revsh_text), (4 bytes).
    Removing ov5640.o(.rev16_text), (4 bytes).
    Removing ov5640.o(.revsh_text), (4 bytes).
    Removing ov5640.o(.text), (1828 bytes).
    Removing ov5640.o(.bss), (4096 bytes).
    Removing ov5640.o(.constdata), (5464 bytes).
    Removing ov5640.o(.data), (10 bytes).
    Removing sccb.o(.rev16_text), (4 bytes).
    Removing sccb.o(.revsh_text), (4 bytes).
    Removing sccb.o(.text), (376 bytes).
    Removing lcd.o(.rev16_text), (4 bytes).
    Removing lcd.o(.revsh_text), (4 bytes).
    Removing spi_mps2.o(.rev16_text), (4 bytes).
    Removing spi_mps2.o(.revsh_text), (4 bytes).
    Removing fonts.o(.rev16_text), (4 bytes).
    Removing fonts.o(.revsh_text), (4 bytes).

56 unused section(s) (total 12134 bytes) removed from the image.

==============================================================================

Memory Map of the image

  Image Entry point : 0x00000000

  Load Region LR_IROM1 (Base: 0x00000000, Size: 0x00008c20, Max: 0xffffffff, ABSOLUTE)

    Execution Region ER_IROM1 (Base: 0x00000000, Size: 0x00008b24, Max: 0xffffffff, ABSOLUTE)

    Base Addr    Size         Type   Attr      Idx    E Section Name        Object

    0x00000000   0x00000108   Data   RO          470    RESET               startup_cmsdk_cm3.o
    0x00000108   0x00000008   Code   RO          980  * !!!main             c_w.l(__main.o)
    0x00000110   0x00000000   Code   RO          948    .ARM.Collect$$_printf_percent$$00000000  c_w.l(_printf_percent.o)
    0x00000110   0x00000006   Code   RO          947    .ARM.Collect$$_printf_percent$$00000009  c_w.l(_printf_d.o)
    0x00000116   0x00000006   Code   RO          946    .ARM.Collect$$_printf_percent$$0000000C  c_w.l(_printf_x.o)
    0x0000011c   0x00000006   Code   RO          944    .ARM.Collect$$_printf_percent$$00000013  c_w.l(_printf_c.o)
    0x00000122   0x00000006   Code   RO          945    .ARM.Collect$$_printf_percent$$00000014  c_w.l(_printf_s.o)
    0x00000128   0x00000004   Code   RO         1018    .ARM.Collect$$_printf_percent$$00000017  c_w.l(_printf_percent_end.o)
    0x0000012c   0x00000002   Code   RO         1196    .ARM.Collect$$libinit$$00000000  c_w.l(libinit.o)
    0x0000012e   0x00000000   Code   RO         1039    .ARM.Collect$$libinit$$00000002  c_w.l(libinit2.o)
    0x0000012e   0x00000000   Code   RO         1041    .ARM.Collect$$libinit$$00000004  c_w.l(libinit2.o)
    0x0000012e   0x00000008   Code   RO         1042    .ARM.Collect$$libinit$$00000005  c_w.l(libinit2.o)
    0x00000136   0x00000000   Code   RO         1044    .ARM.Collect$$libinit$$0000000A  c_w.l(libinit2.o)
    0x00000136   0x00000000   Code   RO         1046    .ARM.Collect$$libinit$$0000000C  c_w.l(libinit2.o)
    0x00000136   0x00000004   Code   RO         1047    .ARM.Collect$$libinit$$0000000D  c_w.l(libinit2.o)
    0x0000013a   0x00000000   Code   RO         1048    .ARM.Collect$$libinit$$0000000E  c_w.l(libinit2.o)
    0x0000013a   0x00000006   Code   RO         1049    .ARM.Collect$$libinit$$0000000F  c_w.l(libinit2.o)
    0x00000140   0x00000000   Code   RO         1051    .ARM.Collect$$libinit$$00000011  c_w.l(libinit2.o)
    0x00000140   0x0000000c   Code   RO         1052    .ARM.Collect$$libinit$$00000012  c_w.l(libinit2.o)
    0x0000014c   0x00000000   Code   RO         1053    .ARM.Collect$$libinit$$00000013  c_w.l(libinit2.o)
    0x0000014c   0x00000000   Code   RO         1055    .ARM.Collect$$libinit$$00000015  c_w.l(libinit2.o)
    0x0000014c   0x00000000   Code   RO         1057    .ARM.Collect$$libinit$$00000017  c_w.l(libinit2.o)
    0x0000014c   0x00000000   Code   RO         1059    .ARM.Collect$$libinit$$00000019  c_w.l(libinit2.o)
    0x0000014c   0x00000000   Code   RO         1061    .ARM.Collect$$libinit$$0000001B  c_w.l(libinit2.o)
    0x0000014c   0x00000000   Code   RO         1063    .ARM.Collect$$libinit$$0000001D  c_w.l(libinit2.o)
    0x0000014c   0x00000000   Code   RO         1065    .ARM.Collect$$libinit$$0000001F  c_w.l(libinit2.o)
    0x0000014c   0x00000000   Code   RO         1067    .ARM.Collect$$libinit$$00000021  c_w.l(libinit2.o)
    0x0000014c   0x00000000   Code   RO         1069    .ARM.Collect$$libinit$$00000023  c_w.l(libinit2.o)
    0x0000014c   0x00000004   Code   RO         1070    .ARM.Collect$$libinit$$00000024  c_w.l(libinit2.o)
    0x00000150   0x00000000   Code   RO         1071    .ARM.Collect$$libinit$$00000025  c_w.l(libinit2.o)
    0x00000150   0x00000000   Code   RO         1075    .ARM.Collect$$libinit$$0000002C  c_w.l(libinit2.o)
    0x00000150   0x00000000   Code   RO         1077    .ARM.Collect$$libinit$$0000002E  c_w.l(libinit2.o)
    0x00000150   0x00000000   Code   RO         1079    .ARM.Collect$$libinit$$00000030  c_w.l(libinit2.o)
    0x00000150   0x00000000   Code   RO         1081    .ARM.Collect$$libinit$$00000032  c_w.l(libinit2.o)
    0x00000150   0x00000002   Code   RO         1082    .ARM.Collect$$libinit$$00000033  c_w.l(libinit2.o)
    0x00000152   0x00000002   Code   RO         1232    .ARM.Collect$$libshutdown$$00000000  c_w.l(libshutdown.o)
    0x00000154   0x00000000   Code   RO         1149    .ARM.Collect$$libshutdown$$00000002  c_w.l(libshutdown2.o)
    0x00000154   0x00000004   Code   RO         1150    .ARM.Collect$$libshutdown$$00000003  c_w.l(libshutdown2.o)
    0x00000158   0x00000000   Code   RO         1151    .ARM.Collect$$libshutdown$$00000004  c_w.l(libshutdown2.o)
    0x00000158   0x00000000   Code   RO         1154    .ARM.Collect$$libshutdown$$00000007  c_w.l(libshutdown2.o)
    0x00000158   0x00000000   Code   RO         1157    .ARM.Collect$$libshutdown$$0000000A  c_w.l(libshutdown2.o)
    0x00000158   0x00000000   Code   RO         1159    .ARM.Collect$$libshutdown$$0000000C  c_w.l(libshutdown2.o)
    0x00000158   0x00000000   Code   RO         1162    .ARM.Collect$$libshutdown$$0000000F  c_w.l(libshutdown2.o)
    0x00000158   0x00000002   Code   RO         1163    .ARM.Collect$$libshutdown$$00000010  c_w.l(libshutdown2.o)
    0x0000015a   0x00000000   Code   RO          984    .ARM.Collect$$rtentry$$00000000  c_w.l(__rtentry.o)
    0x0000015a   0x00000000   Code   RO         1087    .ARM.Collect$$rtentry$$00000002  c_w.l(__rtentry2.o)
    0x0000015a   0x00000006   Code   RO         1099    .ARM.Collect$$rtentry$$00000004  c_w.l(__rtentry4.o)
    0x00000160   0x00000000   Code   RO         1089    .ARM.Collect$$rtentry$$00000009  c_w.l(__rtentry2.o)
    0x00000160   0x00000004   Code   RO         1090    .ARM.Collect$$rtentry$$0000000A  c_w.l(__rtentry2.o)
    0x00000164   0x00000000   Code   RO         1092    .ARM.Collect$$rtentry$$0000000C  c_w.l(__rtentry2.o)
    0x00000164   0x00000008   Code   RO         1093    .ARM.Collect$$rtentry$$0000000D  c_w.l(__rtentry2.o)
    0x0000016c   0x00000002   Code   RO         1197    .ARM.Collect$$rtexit$$00000000  c_w.l(rtexit.o)
    0x0000016e   0x00000000   Code   RO         1208    .ARM.Collect$$rtexit$$00000002  c_w.l(rtexit2.o)
    0x0000016e   0x00000004   Code   RO         1209    .ARM.Collect$$rtexit$$00000003  c_w.l(rtexit2.o)
    0x00000172   0x00000006   Code   RO         1210    .ARM.Collect$$rtexit$$00000004  c_w.l(rtexit2.o)
    0x00000178   0x00000034   Code   RO          965    .emb_text           c_w.l(rand.o)
    0x000001ac   0x00000000   Code   RO         1108    .emb_text           c_w.l(maybetermalloc1.o)
    0x000001ac   0x00000664   Code   RO            3    .text               main.o
    0x00000810   0x000002b4   Code   RO          128    .text               common.o
    0x00000ac4   0x0000017c   Code   RO          160    .text               retarget.o
    0x00000c40   0x00000128   Code   RO          204    .text               uart_stdout.o
    0x00000d68   0x00000304   Code   RO          224    .text               aptimer.o
    0x0000106c   0x000004a8   Code   RO          254    .text               apmem.o
    0x00001514   0x00000428   Code   RO          292    .text               apleds.o
    0x0000193c   0x000000ec   Code   RO          320    .text               apclcd.o
    0x00001a28   0x000003a4   Code   RO          343    .text               aptsc.o
    0x00001dcc   0x0000044c   Code   RO          364    .text               apaaci.o
    0x00002218   0x0000085c   Code   RO          396    .text               aplan.o
    0x00002a74   0x00000424   Code   RO          427    .text               apssp.o
    0x00002e98   0x000001ec   Code   RO          450    .text               cmsdk_driver.o
    0x00003084   0x00000040   Code   RO          471  * .text               startup_cmsdk_cm3.o
    0x000030c4   0x00000018   Code   RO          477    .text               system_cmsdk_cm3.o
    0x000030dc   0x00000894   Code   RO          503    .text               glcd_spi_mps2.o
    0x00003970   0x00000328   Code   RO          533    .text               tsc_i2c_mps2.o
    0x00003c98   0x000002a8   Code   RO          553    .text               aaic_i2c_mps2.o
    0x00003f40   0x00000144   Code   RO          573    .text               aaic_i2s_mps2.o
    0x00004084   0x000004b4   Code   RO          593    .text               eth_mps2.o
    0x00004538   0x000000c0   Code   RO          619    .text               fpga.o
    0x000045f8   0x00000026   Code   RO          662    .text               gpio_m3.o
    0x0000461e   0x00000002   PAD
    0x00004620   0x00000794   Code   RO          755    .text               lcd.o
    0x00004db4   0x00000020   Code   RO          785    .text               spi_mps2.o
    0x00004dd4   0x00000002   Code   RO          825    .text               c_w.l(use_no_semi.o)
    0x00004dd6   0x0000005e   Code   RO          831    .text               c_w.l(h1_alloc.o)
    0x00004e34   0x0000004e   Code   RO          833    .text               c_w.l(h1_free.o)
    0x00004e82   0x0000001e   Code   RO          889    .text               c_w.l(toupper.o)
    0x00004ea0   0x00000018   Code   RO          893    .text               c_w.l(noretval__2printf.o)
    0x00004eb8   0x0000004e   Code   RO          897    .text               c_w.l(_printf_pad.o)
    0x00004f06   0x00000052   Code   RO          899    .text               c_w.l(_printf_str.o)
    0x00004f58   0x00000078   Code   RO          901    .text               c_w.l(_printf_dec.o)
    0x00004fd0   0x00000058   Code   RO          906    .text               c_w.l(_printf_hex_int.o)
    0x00005028   0x00000138   Code   RO          936    .text               c_w.l(__printf_flags_wp.o)
    0x00005160   0x0000003c   Code   RO          949    .text               c_w.l(__0sscanf.o)
    0x0000519c   0x0000014c   Code   RO          951    .text               c_w.l(_scanf_int.o)
    0x000052e8   0x00000064   Code   RO          953    .text               c_w.l(fflush.o)
    0x0000534c   0x00000004   Code   RO          955    .text               c_w.l(getc.o)
    0x00005350   0x0000003c   Code   RO          966    .text               c_w.l(rand.o)
    0x0000538c   0x0000003e   Code   RO          970    .text               c_w.l(strlen.o)
    0x000053ca   0x00000064   Code   RO          972    .text               c_w.l(rt_memcpy_w.o)
    0x0000542e   0x00000044   Code   RO          974    .text               c_w.l(rt_memclr.o)
    0x00005472   0x00000002   PAD
    0x00005474   0x00000080   Code   RO          976    .text               c_w.l(strcmpv7m.o)
    0x000054f4   0x00000006   Code   RO          978    .text               c_w.l(heapauxi.o)
    0x000054fa   0x00000002   PAD
    0x000054fc   0x00000010   Code   RO          985    .text               c_w.l(rt_ctype_table.o)
    0x0000550c   0x00000008   Code   RO          990    .text               c_w.l(rt_heap_descriptor_intlibspace.o)
    0x00005514   0x00000004   Code   RO          992    .text               c_w.l(hguard.o)
    0x00005518   0x0000008a   Code   RO          994    .text               c_w.l(init_alloc.o)
    0x000055a2   0x0000000e   Code   RO          998    .text               c_w.l(h1_init.o)
    0x000055b0   0x000000b2   Code   RO         1012    .text               c_w.l(_printf_intcommon.o)
    0x00005662   0x0000002c   Code   RO         1014    .text               c_w.l(_printf_char.o)
    0x0000568e   0x00000002   PAD
    0x00005690   0x00000024   Code   RO         1016    .text               c_w.l(_printf_char_file.o)
    0x000056b4   0x0000001c   Code   RO         1019    .text               c_w.l(_chval.o)
    0x000056d0   0x0000002c   Code   RO         1021    .text               c_w.l(scanf_char.o)
    0x000056fc   0x00000040   Code   RO         1023    .text               c_w.l(_sgetc.o)
    0x0000573c   0x000000f8   Code   RO         1025    .text               c_w.l(fseek.o)
    0x00005834   0x000000f0   Code   RO         1027    .text               c_w.l(stdio.o)
    0x00005924   0x00000138   Code   RO         1030    .text               c_w.l(initio.o)
    0x00005a5c   0x0000004e   Code   RO         1034    .text               c_w.l(rt_memclr_w.o)
    0x00005aaa   0x00000002   PAD
    0x00005aac   0x00000008   Code   RO         1083    .text               c_w.l(libspace.o)
    0x00005ab4   0x00000008   Code   RO         1104    .text               c_w.l(rt_locale_intlibspace.o)
    0x00005abc   0x00000034   Code   RO         1110    .text               c_w.l(h1_extend.o)
    0x00005af0   0x00000012   Code   RO         1114    .text               c_w.l(isspace.o)
    0x00005b02   0x00000002   PAD
    0x00005b04   0x00000030   Code   RO         1116    .text               c_w.l(_printf_char_common.o)
    0x00005b34   0x00000374   Code   RO         1118    .text               c_w.l(_scanf.o)
    0x00005ea8   0x00000042   Code   RO         1120    .text               c_w.l(ftell.o)
    0x00005eea   0x00000046   Code   RO         1122    .text               c_w.l(setvbuf.o)
    0x00005f30   0x000000ec   Code   RO         1124    .text               c_w.l(fopen.o)
    0x0000601c   0x0000004c   Code   RO         1126    .text               c_w.l(fclose.o)
    0x00006068   0x0000000e   Code   RO         1135    .text               c_w.l(defsig_rtred_outer.o)
    0x00006076   0x0000000e   Code   RO         1139    .text               c_w.l(defsig_rtmem_outer.o)
    0x00006084   0x0000004a   Code   RO         1166    .text               c_w.l(sys_stackheap_outer.o)
    0x000060ce   0x00000002   PAD
    0x000060d0   0x00000008   Code   RO         1173    .text               c_w.l(rt_errno_addr_intlibspace.o)
    0x000060d8   0x00000012   Code   RO         1179    .text               c_w.l(exit.o)
    0x000060ea   0x0000000a   Code   RO         1181    .text               c_w.l(defsig_exit.o)
    0x000060f4   0x00000034   Code   RO         1183    .text               c_w.l(defsig_rtred_inner.o)
    0x00006128   0x00000050   Code   RO         1185    .text               c_w.l(defsig_rtmem_inner.o)
    0x00006178   0x00000032   Code   RO         1205    .text               c_w.l(defsig_general.o)
    0x000061aa   0x00000002   PAD
    0x000061ac   0x0000001e   Code   RO          249    MemoryTest          apmemsup.o
    0x000061ca   0x0000000e   Code   RO          934    i._is_digit         c_w.l(__printf_wp.o)
    0x000061d8   0x0000002c   Code   RO         1133    locale$$code        c_w.l(lc_ctype_c.o)
    0x00006204   0x00000014   Data   RO          161    .constdata          retarget.o
    0x00006218   0x000000c0   Data   RO          365    .constdata          apaaci.o
    0x000062d8   0x00001880   Data   RO          504    .constdata          glcd_spi_mps2.o
    0x00007b58   0x00000a64   Data   RO          805    .constdata          fonts.o
    0x000085bc   0x00000028   Data   RO          907    .constdata          c_w.l(_printf_hex_int.o)
    0x000085e4   0x00000011   Data   RO          937    .constdata          c_w.l(__printf_flags_wp.o)
    0x000085f5   0x00000003   PAD
    0x000085f8   0x000000c0   Data   RO            5    .conststring        main.o
    0x000086b8   0x0000004e   Data   RO          129    .conststring        common.o
    0x00008706   0x00000002   PAD
    0x00008708   0x000000b4   Data   RO          255    .conststring        apmem.o
    0x000087bc   0x0000011f   Data   RO          366    .conststring        apaaci.o
    0x000088db   0x00000001   PAD
    0x000088dc   0x00000137   Data   RO          398    .conststring        aplan.o
    0x00008a13   0x00000001   PAD
    0x00008a14   0x00000000   Data   RO         1233    Region$$Table       anon$$obj.o
    0x00008a14   0x00000110   Data   RO         1132    locale$$data        c_w.l(lc_ctype_c.o)


    Execution Region RW_IRAM1 (Base: 0x00008b24, Size: 0x0000157c, Max: 0xffffffff, ABSOLUTE)

    Base Addr    Size         Type   Attr      Idx    E Section Name        Object

    0x00008b24   0x000000d0   Data   RW            6    .data               main.o
    0x00008bf4   0x00000004   Data   RW          130    .data               common.o
    0x00008bf8   0x00000010   Data   RW          399    .data               aplan.o
    0x00008c08   0x00000004   Data   RW          478    .data               system_cmsdk_cm3.o
    0x00008c0c   0x00000004   Data   RW          505    .data               glcd_spi_mps2.o
    0x00008c10   0x00000004   Data   RW          594    .data               eth_mps2.o
    0x00008c14   0x00000004   Data   RW          960    .data               c_w.l(stdio_streams.o)
    0x00008c18   0x00000004   Data   RW          961    .data               c_w.l(stdio_streams.o)
    0x00008c1c   0x00000004   Data   RW          962    .data               c_w.l(stdio_streams.o)
    0x00008c20   0x00000010   Zero   RW            4    .bss                main.o
    0x00008c30   0x0000022c   Zero   RW          397    .bss                aplan.o
    0x00008e5c   0x00000054   Zero   RW          957    .bss                c_w.l(stdio_streams.o)
    0x00008eb0   0x00000054   Zero   RW          958    .bss                c_w.l(stdio_streams.o)
    0x00008f04   0x00000054   Zero   RW          959    .bss                c_w.l(stdio_streams.o)
    0x00008f58   0x000000e4   Zero   RW          967    .bss                c_w.l(rand.o)
    0x0000903c   0x00000060   Zero   RW         1084    .bss                c_w.l(libspace.o)
    0x0000909c   0x00000004   PAD
    0x000090a0   0x00000c00   Zero   RW          469    HEAP                startup_cmsdk_cm3.o
    0x00009ca0   0x00000400   Zero   RW          468    STACK               startup_cmsdk_cm3.o



  Load Region LR_IROM2 (Base: 0x00400000, Size: 0x0004b000, Max: 0xffffffff, ABSOLUTE)

    Execution Region ER_IROM2 (Base: 0x00400000, Size: 0x0004b000, Max: 0xffffffff, ABSOLUTE)

    Base Addr    Size         Type   Attr      Idx    E Section Name        Object

    0x00400000   0x00025800   Data   RO          313    .constdata          intro.o
    0x00425800   0x00025800   Data   RO          336    .constdata          flyer.o

