<html>
<body>
<pre>
<h1>礦ision Build Log</h1>
<h2>Tool Versions:</h2>
IDE-Version: μVision V5.16.0.0
Copyright (C) 2015 ARM Ltd and ARM Germany GmbH. All rights reserved.
License Information: Felix Microsoft, Microsoft, LIC=BL201-CII2N-05FTY-I5TR7-I7FGS-4WRY9
 
Tool Versions:
Toolchain:       MDK-ARM Professional  Version: 5.16.0.0
Toolchain Path:  D:\Keil_v5\ARM\ARMCC\Bin
C Compiler:      Armcc.exe V5.06 (build 20)
Assembler:       Armasm.exe V5.06 (build 20)
Linker/Locator:  ArmLink.exe V5.06 (build 20)
Library Manager: ArmAr.exe V5.06 (build 20)
Hex Converter:   FromElf.exe V5.06 (build 20)
CPU DLL:         SARMCM3.DLL V5.16.0.0
Dialog DLL:      DCM.DLL V1.13.2.0
Target DLL:      Segger\JL2CM3.dll V2.99.15.2
Dialog DLL:      TCM.DLL V1.14.5.0
 
<h2>Project:</h2>
F:\Felix\stm_soc\AT421-MN-80001-r0p0-02rel0\m3designstart\selftest\Build_Keil\selftest_mpb.uvproj
Project File Date:  04/13/2019

<h2>Output:</h2>
*** Using Compiler 'V5.06 (build 20)', folder: 'D:\Keil_v5\ARM\ARMCC\Bin'
Build target 'SelfTest'
compiling main.c...
..\apmain\main.c(328): warning:  #177-D: function "VGA_Test" was declared but never referenced
  static void VGA_Test (void)
..\apmain\main.c: 1 warning, 0 errors
linking...
Program Size: Code=25020 RO-data=318008 RW-data=252 ZI-data=5248  
After Build - User command #1: move.bat
F:\Felix\stm_soc\AT421-MN-80001-r0p0-02rel0\m3designstart\selftest\Build_Keil>call copy objects\selftest.axf st_m3ds.axf 
已复制         1 个文件。
".\objects\selftest.axf" - 0 Error(s), 1 Warning(s).
Build Time Elapsed:  00:00:01
</pre>
</body>
</html>
