<html>
<body>
<pre>
<h1>礦ision Build Log</h1>
<h2>Tool Versions:</h2>
IDE-Version: μVision V5.16.0.0
Copyright (C) 2015 ARM Ltd and ARM Germany GmbH. All rights reserved.
License Information: Felix Guo, orever, LIC=9N0AR-KT75P-SGV7K-ZW2CJ-Y3ST5-4MMT9
 
Tool Versions:
Toolchain:       MDK-ARM Professional  Version: 5.16.0.0
Toolchain Path:  E:\keil_core\ARM\ARMCC\Bin
C Compiler:      Armcc.exe V5.06 (build 20)
Assembler:       Armasm.exe V5.06 (build 20)
Linker/Locator:  ArmLink.exe V5.06 (build 20)
Library Manager: ArmAr.exe V5.06 (build 20)
Hex Converter:   FromElf.exe V5.06 (build 20)
CPU DLL:         SARMCM3.DLL V5.16.0.0
Dialog DLL:      DCM.DLL V1.13.2.0
Target DLL:      Segger\JL2CM3.dll V2.99.15.2
Dialog DLL:      TCM.DLL V1.14.5.0
 
<h2>Project:</h2>
E:\keil-project\arm_keil\cm3_keil_mps2\cm3_keil_hx8347\Build_Keil\selftest_mpb.uvproj
Project File Date:  04/14/2019

<h2>Output:</h2>
*** Using Compiler 'V5.06 (build 20)', folder: 'E:\keil_core\ARM\ARMCC\Bin'
Rebuild target 'SelfTest'
compiling retarget.c...
compiling common.c...
compiling main.c...
..\apmain\main.c(328): warning:  #177-D: function "VGA_Test" was declared but never referenced
  static void VGA_Test (void)
..\apmain\main.c: 1 warning, 0 errors
assembling apmemsup.s...
compiling uart_stdout.c...
compiling aptimer.c...
compiling apmem.c...
compiling apleds.c...
compiling apclcd.c...
compiling intro.c...
compiling aptsc.c...
compiling flyer.c...
compiling apaaci.c...
compiling aplan.c...
assembling startup_CMSDK_CM3.s...
compiling apssp.c...
..\apssp\apssp.c(229): warning:  #550-D: variable "eedin" was set but never used
      unsigned int    wrcount, eedin;
..\apssp\apssp.c(231): warning:  #550-D: variable "timeerr" was set but never used
      int timeerr;
..\apssp\apssp.c: 2 warnings, 0 errors
compiling CMSDK_driver.c...
compiling TSC_I2C_MPS2.c...
compiling system_CMSDK_CM3.c...
compiling GLCD_SPI_MPS2.c...
compiling AAIC_I2C_MPS2.c...
compiling AAIC_I2S_MPS2.c...
compiling ETH_MPS2.c...
compiling led.c...
compiling fpga.c...
compiling gpio_m3.c...
compiling SPI_MPS2.c...
compiling Fonts.c...
compiling LCD.c...
linking...
Program Size: Code=24936 RO-data=318008 RW-data=252 ZI-data=5244  
After Build - User command #1: move.bat
E:\keil-project\arm_keil\cm3_keil_mps2\cm3_keil_hx8347\Build_Keil>call copy objects\selftest.axf st_m3ds.axf 
已复制         1 个文件。
".\objects\selftest.axf" - 0 Error(s), 3 Warning(s).
Build Time Elapsed:  00:00:04
</pre>
</body>
</html>
