Component: ARM Compiler 5.06 (build 20) Tool: armlink [4d35a3]

==============================================================================

Section Cross References

    main.o(.text) refers to _printf_pad.o(.text) for _printf_pre_padding
    main.o(.text) refers to _printf_percent.o(.ARM.Collect$$_printf_percent$$00000000) for _printf_percent
    main.o(.text) refers to _printf_d.o(.ARM.Collect$$_printf_percent$$00000009) for _printf_d
    main.o(.text) refers to _printf_s.o(.ARM.Collect$$_printf_percent$$00000014) for _printf_s
    main.o(.text) refers to _printf_dec.o(.text) for _printf_int_dec
    main.o(.text) refers to _printf_str.o(.text) for _printf_str
    main.o(.text) refers to _scanf_int.o(.text) for _scanf_int
    main.o(.text) refers to noretval__2printf.o(.text) for __2printf
    main.o(.text) refers to common.o(.text) for Wait_For_Enter
    main.o(.text) refers to uart_stdout.o(.text) for GetLine
    main.o(.text) refers to toupper.o(.text) for toupper
    main.o(.text) refers to __0sscanf.o(.text) for __0sscanf
    main.o(.text) refers to gpio_m3.o(.text) for gpio_m3_out
    main.o(.text) refers to lcd.o(.text) for lcd_init
    main.o(.text) refers to main.o(.bss) for status_str
    main.o(.text) refers to main.o(.data) for test_status
    main.o(.text) refers to common.o(.data) for RunAllTests
    main.o(.text) refers to flyer.o(.constdata) for flyerData
    main.o(.data) refers to apaaci.o(.text) for apAACI_TEST
    main.o(.data) refers to main.o(.conststring) for .conststring
    main.o(.data) refers to apclcd.o(.text) for apCLCD_TEST
    main.o(.data) refers to aptsc.o(.text) for apTSC_TEST
    main.o(.data) refers to apleds.o(.text) for apLEDS_TEST
    main.o(.data) refers to apssp.o(.text) for apSSP_TEST
    main.o(.data) refers to aplan.o(.text) for apLANI_TEST
    main.o(.data) refers to apmem.o(.text) for apMEM_TEST
    main.o(.data) refers to aptimer.o(.text) for apTIMER_TEST
    common.o(.text) refers to _printf_pad.o(.text) for _printf_pre_padding
    common.o(.text) refers to _printf_percent.o(.ARM.Collect$$_printf_percent$$00000000) for _printf_percent
    common.o(.text) refers to _printf_x.o(.ARM.Collect$$_printf_percent$$0000000C) for _printf_x
    common.o(.text) refers to _printf_s.o(.ARM.Collect$$_printf_percent$$00000014) for _printf_s
    common.o(.text) refers to _printf_hex_int.o(.text) for _printf_longlong_hex
    common.o(.text) refers to _printf_str.o(.text) for _printf_str
    common.o(.text) refers to noretval__2printf.o(.text) for __2printf
    common.o(.text) refers to fflush.o(.text) for fflush
    common.o(.text) refers to getc.o(.text) for getc
    common.o(.text) refers to strlen.o(.text) for strlen
    common.o(.text) refers to common.o(.conststring) for .conststring
    common.o(.text) refers to common.o(.data) for RunAllTests
    common.o(.text) refers to stdio_streams.o(.bss) for __stdin
    retarget.o(.rev16_text) refers (Special) to use_no_semi.o(.text) for __use_no_semihosting_swi
    retarget.o(.revsh_text) refers (Special) to use_no_semi.o(.text) for __use_no_semihosting_swi
    retarget.o(.text) refers (Special) to use_no_semi.o(.text) for __use_no_semihosting_swi
    retarget.o(.text) refers to uart_stdout.o(.text) for UartPutc
    retarget.o(.text) refers to strcmpv7m.o(.text) for strcmp
    retarget.o(.constdata) refers (Special) to use_no_semi.o(.text) for __use_no_semihosting_swi
    uart_stdout.o(.text) refers to fflush.o(.text) for fflush
    uart_stdout.o(.text) refers to system_cmsdk_cm3.o(.data) for SystemCoreClock
    uart_stdout.o(.text) refers to stdio_streams.o(.bss) for __stdout
    aptimer.o(.text) refers to _printf_percent.o(.ARM.Collect$$_printf_percent$$00000000) for _printf_percent
    aptimer.o(.text) refers to _printf_d.o(.ARM.Collect$$_printf_percent$$00000009) for _printf_d
    aptimer.o(.text) refers to _printf_dec.o(.text) for _printf_int_dec
    aptimer.o(.text) refers to common.o(.text) for ap_check_peripheral_interrupt
    aptimer.o(.text) refers to noretval__2printf.o(.text) for __2printf
    aptimer.o(.text) refers to cmsdk_driver.o(.text) for CMSDK_timer_SetValue
    apmem.o(.text) refers to _printf_pad.o(.text) for _printf_pre_padding
    apmem.o(.text) refers to _printf_percent.o(.ARM.Collect$$_printf_percent$$00000000) for _printf_percent
    apmem.o(.text) refers to _printf_x.o(.ARM.Collect$$_printf_percent$$0000000C) for _printf_x
    apmem.o(.text) refers to _printf_s.o(.ARM.Collect$$_printf_percent$$00000014) for _printf_s
    apmem.o(.text) refers to _printf_hex_int.o(.text) for _printf_longlong_hex
    apmem.o(.text) refers to _printf_str.o(.text) for _printf_str
    apmem.o(.text) refers to apmemsup.o(MemoryTest) for get_stack_ptr
    apmem.o(.text) refers to h1_alloc.o(.text) for malloc
    apmem.o(.text) refers to noretval__2printf.o(.text) for __2printf
    apmem.o(.text) refers to h1_free.o(.text) for free
    apmem.o(.text) refers to retarget.o(.text) for time
[...]
    .ARM.Collect$$libinit$$0000002E          0x000001a0   Section        0  libinit2.o(.ARM.Collect$$libinit$$0000002E)
    .ARM.Collect$$libinit$$00000030          0x000001a0   Section        0  libinit2.o(.ARM.Collect$$libinit$$00000030)
    .ARM.Collect$$libinit$$00000032          0x000001a0   Section        0  libinit2.o(.ARM.Collect$$libinit$$00000032)
    .ARM.Collect$$libinit$$00000033          0x000001a0   Section        2  libinit2.o(.ARM.Collect$$libinit$$00000033)
    .ARM.Collect$$libshutdown$$00000000      0x000001a2   Section        2  libshutdown.o(.ARM.Collect$$libshutdown$$00000000)
    .ARM.Collect$$libshutdown$$00000002      0x000001a4   Section        0  libshutdown2.o(.ARM.Collect$$libshutdown$$00000002)
    .ARM.Collect$$libshutdown$$00000003      0x000001a4   Section        4  libshutdown2.o(.ARM.Collect$$libshutdown$$00000003)
    .ARM.Collect$$libshutdown$$00000004      0x000001a8   Section        0  libshutdown2.o(.ARM.Collect$$libshutdown$$00000004)
    .ARM.Collect$$libshutdown$$00000007      0x000001a8   Section        0  libshutdown2.o(.ARM.Collect$$libshutdown$$00000007)
    .ARM.Collect$$libshutdown$$0000000A      0x000001a8   Section        0  libshutdown2.o(.ARM.Collect$$libshutdown$$0000000A)
    .ARM.Collect$$libshutdown$$0000000C      0x000001a8   Section        0  libshutdown2.o(.ARM.Collect$$libshutdown$$0000000C)
    .ARM.Collect$$libshutdown$$0000000F      0x000001a8   Section        0  libshutdown2.o(.ARM.Collect$$libshutdown$$0000000F)
    .ARM.Collect$$libshutdown$$00000010      0x000001a8   Section        2  libshutdown2.o(.ARM.Collect$$libshutdown$$00000010)
    .ARM.Collect$$rtentry$$00000000          0x000001aa   Section        0  __rtentry.o(.ARM.Collect$$rtentry$$00000000)
    .ARM.Collect$$rtentry$$00000002          0x000001aa   Section        0  __rtentry2.o(.ARM.Collect$$rtentry$$00000002)
    .ARM.Collect$$rtentry$$00000004          0x000001aa   Section        6  __rtentry4.o(.ARM.Collect$$rtentry$$00000004)
    .ARM.Collect$$rtentry$$00000009          0x000001b0   Section        0  __rtentry2.o(.ARM.Collect$$rtentry$$00000009)
    .ARM.Collect$$rtentry$$0000000A          0x000001b0   Section        4  __rtentry2.o(.ARM.Collect$$rtentry$$0000000A)
    .ARM.Collect$$rtentry$$0000000C          0x000001b4   Section        0  __rtentry2.o(.ARM.Collect$$rtentry$$0000000C)
    .ARM.Collect$$rtentry$$0000000D          0x000001b4   Section        8  __rtentry2.o(.ARM.Collect$$rtentry$$0000000D)
    .ARM.Collect$$rtexit$$00000000           0x000001bc   Section        2  rtexit.o(.ARM.Collect$$rtexit$$00000000)
    .ARM.Collect$$rtexit$$00000002           0x000001be   Section        0  rtexit2.o(.ARM.Collect$$rtexit$$00000002)
    .ARM.Collect$$rtexit$$00000003           0x000001be   Section        4  rtexit2.o(.ARM.Collect$$rtexit$$00000003)
    .ARM.Collect$$rtexit$$00000004           0x000001c2   Section        6  rtexit2.o(.ARM.Collect$$rtexit$$00000004)
    .emb_text                                0x000001c8   Section       52  rand.o(.emb_text)
    .emb_text                                0x000001fc   Section        0  maybetermalloc1.o(.emb_text)
    .text                                    0x000001fc   Section        0  main.o(.text)
    VGA_Test                                 0x00000483   Thumb Code   152  main.o(.text)
    .text                                    0x00000884   Section        0  common.o(.text)
    NVIC_GetPendingIRQ                       0x00000885   Thumb Code    30  common.o(.text)
    .text                                    0x00000b38   Section        0  retarget.o(.text)
    .text                                    0x00000cb4   Section        0  uart_stdout.o(.text)
    .text                                    0x00000ddc   Section        0  aptimer.o(.text)
    test_timer_int                           0x00000ddd   Thumb Code   112  aptimer.o(.text)
    test_timer_freq                          0x00000e4d   Thumb Code    52  aptimer.o(.text)
    test_dual_timer_int                      0x00000e81   Thumb Code    90  aptimer.o(.text)
    test_dual_timer_freq                     0x00000edb   Thumb Code    42  aptimer.o(.text)
    NVIC_ClearPendingIRQ                     0x00000f71   Thumb Code    18  aptimer.o(.text)
    .text                                    0x000010e0   Section        0  apmem.o(.text)
    .text                                    0x00001588   Section        0  apleds.o(.text)
    .text                                    0x000019b0   Section        0  apclcd.o(.text)
    .text                                    0x00001a9c   Section        0  aptsc.o(.text)
    .text                                    0x00001e40   Section        0  apaaci.o(.text)
    AACI_INIT                                0x00001e41   Thumb Code   220  apaaci.o(.text)
    AACI_Loopback                            0x00001f1d   Thumb Code   570  apaaci.o(.text)
    .text                                    0x0000228c   Section        0  aplan.o(.text)
    smsc9220_print_phy_registers             0x000023ef   Thumb Code   100  aplan.o(.text)
    compare_buf                              0x0000256b   Thumb Code    60  aplan.o(.text)
    smsc9220_test_loopback                   0x000025a7   Thumb Code   100  aplan.o(.text)
    NVIC_ClearPendingIRQ                     0x00002a8f   Thumb Code    18  aplan.o(.text)
    .text                                    0x00002ae8   Section        0  apssp.o(.text)
    .text                                    0x00002f0c   Section        0  cmsdk_driver.o(.text)
    .text                                    0x000030f8   Section       64  startup_cmsdk_cm3.o(.text)
    .text                                    0x00003138   Section        0  system_cmsdk_cm3.o(.text)
    .text                                    0x00003150   Section        0  glcd_spi_mps2.o(.text)
    delay                                    0x00003151   Thumb Code    14  glcd_spi_mps2.o(.text)
    wr_cmd                                   0x0000315f   Thumb Code    48  glcd_spi_mps2.o(.text)
    wr_dat                                   0x0000318f   Thumb Code    48  glcd_spi_mps2.o(.text)
    spi_tran                                 0x0000395f   Thumb Code    28  glcd_spi_mps2.o(.text)
    wr_dat_start                             0x0000397b   Thumb Code    22  glcd_spi_mps2.o(.text)
    wr_dat_stop                              0x00003991   Thumb Code    36  glcd_spi_mps2.o(.text)
    wr_dat_only                              0x000039b5   Thumb Code    18  glcd_spi_mps2.o(.text)
    wr_reg                                   0x000039c7   Thumb Code    20  glcd_spi_mps2.o(.text)
    .text                                    0x000039dc   Section        0  tsc_i2c_mps2.o(.text)
    .text                                    0x00003d04   Section        0  aaic_i2c_mps2.o(.text)
    .text                                    0x00003fac   Section        0  aaic_i2s_mps2.o(.text)
    .text                                    0x000040f0   Section        0  eth_mps2.o(.text)
    .text                                    0x000045a4   Section        0  fpga.o(.text)
    .text                                    0x00004664   Section        0  gpio_m3.o(.text)
    .text                                    0x0000468c   Section        0  lcd.o(.text)
    lcd_write_byte                           0x0000468d   Thumb Code    58  lcd.o(.text)
    lcd_write_word                           0x000046c7   Thumb Code    48  lcd.o(.text)
    lcd_write_register                       0x000046f7   Thumb Code    24  lcd.o(.text)
    _pow                                     0x00004865   Thumb Code    22  lcd.o(.text)
    .text                                    0x00004e20   Section        0  spi_mps2.o(.text)
    .text                                    0x00004e40   Section        2  use_no_semi.o(.text)
    .text                                    0x00004e42   Section        0  h1_alloc.o(.text)
    .text                                    0x00004ea0   Section        0  h1_free.o(.text)
    .text                                    0x00004eee   Section        0  toupper.o(.text)
    .text                                    0x00004f0c   Section        0  noretval__2printf.o(.text)
    .text                                    0x00004f24   Section        0  _printf_pad.o(.text)
    .text                                    0x00004f72   Section        0  _printf_str.o(.text)
    .text                                    0x00004fc4   Section        0  _printf_dec.o(.text)
    .text                                    0x0000503c   Section        0  _printf_hex_int.o(.text)
    .text                                    0x00005094   Section        0  __printf_flags_wp.o(.text)
    .text                                    0x000051cc   Section        0  __0sscanf.o(.text)
    .text                                    0x00005208   Section        0  _scanf_int.o(.text)
    .text                                    0x00005354   Section        0  fflush.o(.text)
    .text                                    0x000053b8   Section        0  getc.o(.text)
    .text                                    0x000053bc   Section        0  rand.o(.text)
    .text                                    0x000053f8   Section        0  strlen.o(.text)
    .text                                    0x00005436   Section      100  rt_memcpy_w.o(.text)
    .text                                    0x0000549a   Section       68  rt_memclr.o(.text)
    .text                                    0x000054e0   Section      128  strcmpv7m.o(.text)
    .text                                    0x00005560   Section        0  heapauxi.o(.text)
    .text                                    0x00005568   Section       16  rt_ctype_table.o(.text)
    .text                                    0x00005578   Section        8  rt_heap_descriptor_intlibspace.o(.text)
    .text                                    0x00005580   Section        0  hguard.o(.text)
    .text                                    0x00005584   Section        0  init_alloc.o(.text)
    .text                                    0x0000560e   Section        0  h1_init.o(.text)
    .text                                    0x0000561c   Section        0  _printf_intcommon.o(.text)
    .text                                    0x000056ce   Section        0  _printf_char.o(.text)
    .text                                    0x000056fc   Section        0  _printf_char_file.o(.text)
    .text                                    0x00005720   Section        0  _chval.o(.text)
    .text                                    0x0000573c   Section        0  scanf_char.o(.text)
    _scanf_char_input                        0x0000573d   Thumb Code    12  scanf_char.o(.text)
    .text                                    0x00005768   Section        0  _sgetc.o(.text)
    .text                                    0x000057a8   Section        0  fseek.o(.text)
    .text                                    0x000058a0   Section        0  stdio.o(.text)
    .text                                    0x00005990   Section        0  initio.o(.text)
    .text                                    0x00005ac8   Section       78  rt_memclr_w.o(.text)
    .text                                    0x00005b18   Section        8  libspace.o(.text)
    .text                                    0x00005b20   Section        8  rt_locale_intlibspace.o(.text)
    .text                                    0x00005b28   Section        0  h1_extend.o(.text)
    .text                                    0x00005b5c   Section        0  isspace.o(.text)
    .text                                    0x00005b70   Section        0  _printf_char_common.o(.text)
    _printf_input_char                       0x00005b71   Thumb Code    10  _printf_char_common.o(.text)
    .text                                    0x00005ba0   Section        0  _scanf.o(.text)
    .text                                    0x00005f14   Section        0  ftell.o(.text)
    .text                                    0x00005f56   Section        0  setvbuf.o(.text)
    .text                                    0x00005f9c   Section        0  fopen.o(.text)
    _freopen_locked                          0x00005f9d   Thumb Code     0  fopen.o(.text)
    .text                                    0x00006088   Section        0  fclose.o(.text)
    .text                                    0x000060d4   Section        0  defsig_rtred_outer.o(.text)
    .text                                    0x000060e2   Section        0  defsig_rtmem_outer.o(.text)
    .text                                    0x000060f0   Section       74  sys_stackheap_outer.o(.text)
    .text                                    0x0000613c   Section        8  rt_errno_addr_intlibspace.o(.text)
    .text                                    0x00006144   Section        0  exit.o(.text)
    .text                                    0x00006156   Section        0  defsig_exit.o(.text)
    .text                                    0x00006160   Section        0  defsig_rtred_inner.o(.text)
    .text                                    0x00006194   Section        0  defsig_rtmem_inner.o(.text)
    .text                                    0x000061e4   Section        0  defsig_general.o(.text)
    MemoryTest                               0x00006218   Section       30  apmemsup.o(MemoryTest)
    i._is_digit                              0x00006236   Section        0  __printf_wp.o(i._is_digit)
    locale$$code                             0x00006244   Section       44  lc_ctype_c.o(locale$$code)
    .constdata                               0x00006270   Section       20  retarget.o(.constdata)
    .constdata                               0x00006284   Section      192  apaaci.o(.constdata)
    sinewave                                 0x00006284   Data         192  apaaci.o(.constdata)
    .constdata                               0x00006344   Section     6272  glcd_spi_mps2.o(.constdata)
    .constdata                               0x00007bc4   Section     2660  fonts.o(.constdata)
    .constdata                               0x00008628   Section       40  _printf_hex_int.o(.constdata)
    uc_hextab                                0x00008628   Data          20  _printf_hex_int.o(.constdata)
    lc_hextab                                0x0000863c   Data          20  _printf_hex_int.o(.constdata)
    .constdata                               0x00008650   Section       17  __printf_flags_wp.o(.constdata)
    maptable                                 0x00008650   Data          17  __printf_flags_wp.o(.constdata)
    .conststring                             0x00008664   Section      192  main.o(.conststring)
    .conststring                             0x00008724   Section       78  common.o(.conststring)
    .conststring                             0x00008774   Section      180  apmem.o(.conststring)
    .conststring                             0x00008828   Section      287  apaaci.o(.conststring)
    .conststring                             0x00008948   Section      311  aplan.o(.conststring)
    locale$$data                             0x00008a90   Section      272  lc_ctype_c.o(locale$$data)
    __lcctype_c_name                         0x00008a94   Data           2  lc_ctype_c.o(locale$$data)
    __lcctype_c_start                        0x00008a9c   Data           0  lc_ctype_c.o(locale$$data)
    .data                                    0x00008ba0   Section      208  main.o(.data)
    __lcctype_c_end                          0x00008ba0   Data           0  lc_ctype_c.o(locale$$data)
    tests                                    0x00008ba0   Data          96  main.o(.data)
    prod_tests                               0x00008c00   Data          96  main.o(.data)
    .data                                    0x00008c70   Section        4  common.o(.data)
    .data                                    0x00008c74   Section       16  aplan.o(.data)
    testpkt                                  0x00008c74   Data          16  aplan.o(.data)
    .data                                    0x00008c84   Section        4  system_cmsdk_cm3.o(.data)
    .data                                    0x00008c88   Section        4  glcd_spi_mps2.o(.data)
    Color                                    0x00008c88   Data           4  glcd_spi_mps2.o(.data)
    .data                                    0x00008c8c   Section        4  eth_mps2.o(.data)
    .data                                    0x00008c90   Section        4  stdio_streams.o(.data)
    .data                                    0x00008c94   Section        4  stdio_streams.o(.data)
    .data                                    0x00008c98   Section        4  stdio_streams.o(.data)
    .bss                                     0x00008c9c   Section       16  main.o(.bss)
    .bss                                     0x00008cac   Section      556  aplan.o(.bss)
    txpkt                                    0x00008cac   Data         256  aplan.o(.bss)
    rxpkt                                    0x00008dac   Data         300  aplan.o(.bss)
    .bss                                     0x00008ed8   Section       84  stdio_streams.o(.bss)
    .bss                                     0x00008f2c   Section       84  stdio_streams.o(.bss)
    .bss                                     0x00008f80   Section       84  stdio_streams.o(.bss)
    .bss                                     0x00008fd4   Section      228  rand.o(.bss)
    .bss                                     0x000090b8   Section       96  libspace.o(.bss)
    HEAP                                     0x00009118   Section     3072  startup_cmsdk_cm3.o(HEAP)
    Heap_Mem                                 0x00009118   Data        3072  startup_cmsdk_cm3.o(HEAP)
    STACK                                    0x00009d18   Section     1024  startup_cmsdk_cm3.o(STACK)
    Stack_Mem                                0x00009d18   Data        1024  startup_cmsdk_cm3.o(STACK)
    __initial_sp                             0x0000a118   Data           0  startup_cmsdk_cm3.o(STACK)
    .constdata                               0x00400000   Section    153600  intro.o(.constdata)
    .constdata                               0x00425800   Section    153600  flyer.o(.constdata)

    Global Symbols

    Symbol Name                              Value     Ov Type        Size  Object(Section)

    BuildAttributes$$THM_ISAv4$P$D$K$B$S$PE$A:L22UL41UL21$X:L11$S22US41US21$IEEE1$IW$USESV6$~STKCKD$USESV7$~SHL$OTIME$ROPI$EBA8$UX$STANDARDLIB$REQ8$PRES8$EABIv2 0x00000000   Number         0  anon$$obj.o ABSOLUTE
    __ARM_use_no_argv                        0x00000000   Number         0  main.o ABSOLUTE
    __Vectors                                0x00000000   Data           4  startup_cmsdk_cm3.o(RESET)
    _printf_flags                            0x00000000   Number         0  printf_stubs.o ABSOLUTE
    _printf_return_value                     0x00000000   Number         0  printf_stubs.o ABSOLUTE
    _printf_sizespec                         0x00000000   Number         0  printf_stubs.o ABSOLUTE
    _printf_widthprec                        0x00000000   Number         0  printf_stubs.o ABSOLUTE
    __ARM_exceptions_init                     - Undefined Weak Reference
    __alloca_initialize                       - Undefined Weak Reference
    __arm_preinit_                            - Undefined Weak Reference
    __cpp_initialize__aeabi_                  - Undefined Weak Reference
    __cxa_finalize                            - Undefined Weak Reference
    __sigvec_lookup                           - Undefined Weak Reference
    __user_heap_extent                        - Undefined Weak Reference
    _atexit_init                              - Undefined Weak Reference
    _call_atexit_fns                          - Undefined Weak Reference
    _clock_init                               - Undefined Weak Reference
    _fp_trap_init                             - Undefined Weak Reference
    _fp_trap_shutdown                         - Undefined Weak Reference
    _get_lc_collate                           - Undefined Weak Reference
    _get_lc_monetary                          - Undefined Weak Reference
    _get_lc_numeric                           - Undefined Weak Reference
    _get_lc_time                              - Undefined Weak Reference
    _getenv_init                              - Undefined Weak Reference
    _handle_redirection                       - Undefined Weak Reference
    _mutex_acquire                            - Undefined Weak Reference
    _mutex_free                               - Undefined Weak Reference
    _mutex_release                            - Undefined Weak Reference
    _printf_mbtowc                            - Undefined Weak Reference
    _printf_truncate_signed                   - Undefined Weak Reference
    _printf_truncate_unsigned                 - Undefined Weak Reference
    _scanf_longlong                           - Undefined Weak Reference
    _scanf_mbtowc                             - Undefined Weak Reference
    _scanf_real                               - Undefined Weak Reference
    _scanf_string                             - Undefined Weak Reference
    _scanf_wctomb                             - Undefined Weak Reference
    _scanf_wstring                            - Undefined Weak Reference
    _signal_finish                            - Undefined Weak Reference
    _signal_init                              - Undefined Weak Reference
    __Vectors_End                            0x00000108   Data           0  startup_cmsdk_cm3.o(RESET)
    __Vectors_Size                           0x00000108   Number         0  startup_cmsdk_cm3.o ABSOLUTE
    __main                                   0x00000109   Thumb Code     8  __main.o(!!!main)
    __scatterload                            0x00000111   Thumb Code     0  __scatter.o(!!!scatter)
    __scatterload_rt2                        0x00000111   Thumb Code    44  __scatter.o(!!!scatter)
    __scatterload_rt2_thumb_only             0x00000111   Thumb Code     0  __scatter.o(!!!scatter)
    __scatterload_null                       0x0000011f   Thumb Code     0  __scatter.o(!!!scatter)
    __scatterload_zeroinit                   0x00000145   Thumb Code    28  __scatter_zi.o(!!handler_zi)
    _printf_d                                0x00000161   Thumb Code     0  _printf_d.o(.ARM.Collect$$_printf_percent$$00000009)
    _printf_percent                          0x00000161   Thumb Code     0  _printf_percent.o(.ARM.Collect$$_printf_percent$$00000000)
    _printf_x                                0x00000167   Thumb Code     0  _printf_x.o(.ARM.Collect$$_printf_percent$$0000000C)
    _printf_c                                0x0000016d   Thumb Code     0  _printf_c.o(.ARM.Collect$$_printf_percent$$00000013)
    _printf_s                                0x00000173   Thumb Code     0  _printf_s.o(.ARM.Collect$$_printf_percent$$00000014)
    _printf_percent_end                      0x00000179   Thumb Code     0  _printf_percent_end.o(.ARM.Collect$$_printf_percent$$00000017)
    __rt_lib_init                            0x0000017d   Thumb Code     0  libinit.o(.ARM.Collect$$libinit$$00000000)
    __rt_lib_init_fp_1                       0x0000017f   Thumb Code     0  libinit2.o(.ARM.Collect$$libinit$$00000002)
    __rt_lib_init_heap_2                     0x0000017f   Thumb Code     0  libinit2.o(.ARM.Collect$$libinit$$00000005)
    __rt_lib_init_preinit_1                  0x0000017f   Thumb Code     0  libinit2.o(.ARM.Collect$$libinit$$00000004)
    __rt_lib_init_heap_1                     0x00000187   Thumb Code     0  libinit2.o(.ARM.Collect$$libinit$$0000000A)
    __rt_lib_init_rand_2                     0x00000187   Thumb Code     0  libinit2.o(.ARM.Collect$$libinit$$0000000D)
    __rt_lib_init_user_alloc_1               0x00000187   Thumb Code     0  libinit2.o(.ARM.Collect$$libinit$$0000000C)
    __rt_lib_init_lc_common                  0x0000018b   Thumb Code     0  libinit2.o(.ARM.Collect$$libinit$$0000000F)
    __rt_lib_init_rand_1                     0x0000018b   Thumb Code     0  libinit2.o(.ARM.Collect$$libinit$$0000000E)
    __rt_lib_init_lc_collate_1               0x00000191   Thumb Code     0  libinit2.o(.ARM.Collect$$libinit$$00000011)
    __rt_lib_init_lc_ctype_2                 0x00000191   Thumb Code     0  libinit2.o(.ARM.Collect$$libinit$$00000012)
    __rt_lib_init_atexit_1                   0x0000019d   Thumb Code     0  libinit2.o(.ARM.Collect$$libinit$$0000001B)
    __rt_lib_init_clock_1                    0x0000019d   Thumb Code     0  libinit2.o(.ARM.Collect$$libinit$$00000021)
    __rt_lib_init_fp_trap_1                  0x0000019d   Thumb Code     0  libinit2.o(.ARM.Collect$$libinit$$0000001F)
    __rt_lib_init_getenv_1                   0x0000019d   Thumb Code     0  libinit2.o(.ARM.Collect$$libinit$$00000023)
    __rt_lib_init_lc_ctype_1                 0x0000019d   Thumb Code     0  libinit2.o(.ARM.Collect$$libinit$$00000013)
    __rt_lib_init_lc_monetary_1              0x0000019d   Thumb Code     0  libinit2.o(.ARM.Collect$$libinit$$00000015)
    __rt_lib_init_lc_numeric_1               0x0000019d   Thumb Code     0  libinit2.o(.ARM.Collect$$libinit$$00000017)
    __rt_lib_init_lc_time_1                  0x0000019d   Thumb Code     0  libinit2.o(.ARM.Collect$$libinit$$00000019)
    __rt_lib_init_signal_1                   0x0000019d   Thumb Code     0  libinit2.o(.ARM.Collect$$libinit$$0000001D)
    __rt_lib_init_stdio_2                    0x0000019d   Thumb Code     0  libinit2.o(.ARM.Collect$$libinit$$00000024)
    __rt_lib_init_alloca_1                   0x000001a1   Thumb Code     0  libinit2.o(.ARM.Collect$$libinit$$0000002E)
    __rt_lib_init_argv_1                     0x000001a1   Thumb Code     0  libinit2.o(.ARM.Collect$$libinit$$0000002C)
    __rt_lib_init_cpp_1                      0x000001a1   Thumb Code     0  libinit2.o(.ARM.Collect$$libinit$$00000032)
    __rt_lib_init_exceptions_1               0x000001a1   Thumb Code     0  libinit2.o(.ARM.Collect$$libinit$$00000030)
    __rt_lib_init_return                     0x000001a1   Thumb Code     0  libinit2.o(.ARM.Collect$$libinit$$00000033)
    __rt_lib_init_stdio_1                    0x000001a1   Thumb Code     0  libinit2.o(.ARM.Collect$$libinit$$00000025)
    __rt_lib_shutdown                        0x000001a3   Thumb Code     0  libshutdown.o(.ARM.Collect$$libshutdown$$00000000)
    __rt_lib_shutdown_cpp_1                  0x000001a5   Thumb Code     0  libshutdown2.o(.ARM.Collect$$libshutdown$$00000002)
    __rt_lib_shutdown_stdio_2                0x000001a5   Thumb Code     0  libshutdown2.o(.ARM.Collect$$libshutdown$$00000003)
    __rt_lib_shutdown_fp_trap_1              0x000001a9   Thumb Code     0  libshutdown2.o(.ARM.Collect$$libshutdown$$00000007)
    __rt_lib_shutdown_heap_1                 0x000001a9   Thumb Code     0  libshutdown2.o(.ARM.Collect$$libshutdown$$0000000F)
    __rt_lib_shutdown_return                 0x000001a9   Thumb Code     0  libshutdown2.o(.ARM.Collect$$libshutdown$$00000010)
    __rt_lib_shutdown_signal_1               0x000001a9   Thumb Code     0  libshutdown2.o(.ARM.Collect$$libshutdown$$0000000A)
    __rt_lib_shutdown_stdio_1                0x000001a9   Thumb Code     0  libshutdown2.o(.ARM.Collect$$libshutdown$$00000004)
    __rt_lib_shutdown_user_alloc_1           0x000001a9   Thumb Code     0  libshutdown2.o(.ARM.Collect$$libshutdown$$0000000C)
    __rt_entry                               0x000001ab   Thumb Code     0  __rtentry.o(.ARM.Collect$$rtentry$$00000000)
    __rt_entry_presh_1                       0x000001ab   Thumb Code     0  __rtentry2.o(.ARM.Collect$$rtentry$$00000002)
    __rt_entry_sh                            0x000001ab   Thumb Code     0  __rtentry4.o(.ARM.Collect$$rtentry$$00000004)
    __rt_entry_li                            0x000001b1   Thumb Code     0  __rtentry2.o(.ARM.Collect$$rtentry$$0000000A)
    __rt_entry_postsh_1                      0x000001b1   Thumb Code     0  __rtentry2.o(.ARM.Collect$$rtentry$$00000009)
    __rt_entry_main                          0x000001b5   Thumb Code     0  __rtentry2.o(.ARM.Collect$$rtentry$$0000000D)
    __rt_entry_postli_1                      0x000001b5   Thumb Code     0  __rtentry2.o(.ARM.Collect$$rtentry$$0000000C)
    __rt_exit                                0x000001bd   Thumb Code     0  rtexit.o(.ARM.Collect$$rtexit$$00000000)
    __rt_exit_ls                             0x000001bf   Thumb Code     0  rtexit2.o(.ARM.Collect$$rtexit$$00000003)
    __rt_exit_prels_1                        0x000001bf   Thumb Code     0  rtexit2.o(.ARM.Collect$$rtexit$$00000002)
    __rt_exit_exit                           0x000001c3   Thumb Code     0  rtexit2.o(.ARM.Collect$$rtexit$$00000004)
    rand                                     0x000001c9   Thumb Code    48  rand.o(.emb_text)
    Test_Init                                0x000001fd   Thumb Code    50  main.o(.text)
    _maybe_terminate_alloc                   0x000001fd   Thumb Code     0  maybetermalloc1.o(.emb_text)
    Get_Status                               0x0000022f   Thumb Code    16  main.o(.text)
    Print_Results                            0x0000023f   Thumb Code   100  main.o(.text)
    Print_Production_Results                 0x000002a3   Thumb Code   116  main.o(.text)
    Run_Production_Test                      0x00000317   Thumb Code    90  main.o(.text)
    Run_Test                                 0x00000371   Thumb Code    86  main.o(.text)
    Run_All_Tests                            0x000003c7   Thumb Code    44  main.o(.text)
    Select_Test                              0x000003f3   Thumb Code   144  main.o(.text)
    main                                     0x0000051b   Thumb Code   874  main.o(.text)
    apSleep                                  0x000008a3   Thumb Code    74  common.o(.text)
    apSleepus                                0x000008ed   Thumb Code    58  common.o(.text)
    ap_check_peripheral_interrupt            0x00000927   Thumb Code   152  common.o(.text)
    register_test                            0x000009bf   Thumb Code   118  common.o(.text)
    Wait_For_Enter                           0x00000a35   Thumb Code    54  common.o(.text)
    Get_OK                                   0x00000a6b   Thumb Code    68  common.o(.text)
    GetChars                                 0x00000aaf   Thumb Code    74  common.o(.text)
    fputc                                    0x00000b39   Thumb Code    14  retarget.o(.text)
    fgetc                                    0x00000b47   Thumb Code    16  retarget.o(.text)
    ferror                                   0x00000b57   Thumb Code     8  retarget.o(.text)
    _ttywrch                                 0x00000b5f   Thumb Code    12  retarget.o(.text)
    _sys_open                                0x00000b6b   Thumb Code    60  retarget.o(.text)
    _sys_close                               0x00000ba7   Thumb Code    18  retarget.o(.text)
    _sys_write                               0x00000bb9   Thumb Code    60  retarget.o(.text)
    _sys_read                                0x00000bf5   Thumb Code    60  retarget.o(.text)
    _sys_istty                               0x00000c31   Thumb Code    16  retarget.o(.text)
    _sys_seek                                0x00000c41   Thumb Code    20  retarget.o(.text)
    _sys_ensure                              0x00000c55   Thumb Code    20  retarget.o(.text)
    _sys_flen                                0x00000c69   Thumb Code    18  retarget.o(.text)
    _sys_tmpnam                              0x00000c7b   Thumb Code     6  retarget.o(.text)
    _sys_command_string                      0x00000c81   Thumb Code     2  retarget.o(.text)
    _sys_exit                                0x00000c83   Thumb Code     4  retarget.o(.text)
    system                                   0x00000c87   Thumb Code     6  retarget.o(.text)
    time                                     0x00000c8d   Thumb Code    12  retarget.o(.text)
    UartStdOutInit                           0x00000cb5   Thumb Code    22  uart_stdout.o(.text)
    UartPutc                                 0x00000ccb   Thumb Code    50  uart_stdout.o(.text)
    UartGetc                                 0x00000cfd   Thumb Code    46  uart_stdout.o(.text)
    GetLine                                  0x00000d2b   Thumb Code   150  uart_stdout.o(.text)
    UartEndSimulation                        0x00000dc1   Thumb Code    10  uart_stdout.o(.text)
    apTIMER_TEST                             0x00000f05   Thumb Code   108  aptimer.o(.text)
    check_selftest_used_memory               0x000010e1   Thumb Code    82  apmem.o(.text)
    test_memory                              0x00001133   Thumb Code   354  apmem.o(.text)
    stm_ldm_test                             0x00001295   Thumb Code   182  apmem.o(.text)
    can_corrupt_usedmem                      0x0000134b   Thumb Code    26  apmem.o(.text)
    apMEM_TEST                               0x00001365   Thumb Code    46  apmem.o(.text)
    apLEDS_TEST                              0x00001589   Thumb Code   466  apleds.o(.text)
    apCLCD_TEST                              0x000019b1   Thumb Code    98  apclcd.o(.text)
    apTSC_INIT                               0x00001a9d   Thumb Code   236  aptsc.o(.text)
    apTSC_LCDINIT                            0x00001b89   Thumb Code   110  aptsc.o(.text)
    apTSC_TEST                               0x00001bf7   Thumb Code   416  aptsc.o(.text)
    apAACI_TEST                              0x00002157   Thumb Code    78  apaaci.o(.text)
    smsc9220_check_id                        0x0000228d   Thumb Code    92  aplan.o(.text)
    smsc9220_check_macaddress                0x000022e9   Thumb Code   234  aplan.o(.text)
    smsc9220_print_mac_registers             0x000023d3   Thumb Code    28  aplan.o(.text)
    smsc9220_initialise                      0x00002453   Thumb Code   280  aplan.o(.text)
    apLANI_TEST                              0x0000260b   Thumb Code  1156  aplan.o(.text)
    apSSP_Wait                               0x00002ae9   Thumb Code    40  apssp.o(.text)
    apSSP_ByteRDRW                           0x00002b11   Thumb Code   186  apssp.o(.text)
    apSSP_Init                               0x00002bcb   Thumb Code    58  apssp.o(.text)
    apSSP_TEST                               0x00002c05   Thumb Code   232  apssp.o(.text)
    apSSP_TEST_M                             0x00002ced   Thumb Code   114  apssp.o(.text)
    apSSP_TEST_S                             0x00002d5f   Thumb Code   116  apssp.o(.text)
    CMSDK_timer_EnableIRQ                    0x00002f0d   Thumb Code    10  cmsdk_driver.o(.text)
    CMSDK_timer_DisableIRQ                   0x00002f17   Thumb Code    10  cmsdk_driver.o(.text)
    CMSDK_timer_StartTimer                   0x00002f21   Thumb Code    10  cmsdk_driver.o(.text)
    CMSDK_timer_StopTimer                    0x00002f2b   Thumb Code    10  cmsdk_driver.o(.text)
    CMSDK_timer_GetValue                     0x00002f35   Thumb Code     6  cmsdk_driver.o(.text)
    CMSDK_timer_SetValue                     0x00002f3b   Thumb Code     4  cmsdk_driver.o(.text)
    CMSDK_timer_GetReload                    0x00002f3f   Thumb Code     6  cmsdk_driver.o(.text)
    CMSDK_timer_SetReload                    0x00002f45   Thumb Code     4  cmsdk_driver.o(.text)
    CMSDK_timer_ClearIRQ                     0x00002f49   Thumb Code     6  cmsdk_driver.o(.text)
    CMSDK_timer_StatusIRQ                    0x00002f4f   Thumb Code     6  cmsdk_driver.o(.text)
    CMSDK_timer_Init_IntClock                0x00002f55   Thumb Code    22  cmsdk_driver.o(.text)
    CMSDK_timer_Init_ExtClock                0x00002f6b   Thumb Code    22  cmsdk_driver.o(.text)
    CMSDK_timer_Init_ExtEnable               0x00002f81   Thumb Code    22  cmsdk_driver.o(.text)
    CMSDK_uart_init                          0x00002f97   Thumb Code    88  cmsdk_driver.o(.text)
    CMSDK_uart_GetRxBufferFull               0x00002fef   Thumb Code    10  cmsdk_driver.o(.text)
    CMSDK_uart_GetTxBufferFull               0x00002ff9   Thumb Code    10  cmsdk_driver.o(.text)
    CMSDK_uart_SendChar                      0x00003003   Thumb Code    16  cmsdk_driver.o(.text)
    CMSDK_uart_ReceiveChar                   0x00003013   Thumb Code    20  cmsdk_driver.o(.text)
    CMSDK_uart_GetOverrunStatus              0x00003027   Thumb Code    10  cmsdk_driver.o(.text)
    CMSDK_uart_ClearOverrunStatus            0x00003031   Thumb Code    14  cmsdk_driver.o(.text)
    CMSDK_uart_GetBaudDivider                0x0000303f   Thumb Code     6  cmsdk_driver.o(.text)
    CMSDK_uart_GetTxIRQStatus                0x00003045   Thumb Code    10  cmsdk_driver.o(.text)
    CMSDK_uart_GetRxIRQStatus                0x0000304f   Thumb Code    10  cmsdk_driver.o(.text)
    CMSDK_uart_ClearTxIRQ                    0x00003059   Thumb Code     6  cmsdk_driver.o(.text)
    CMSDK_uart_ClearRxIRQ                    0x0000305f   Thumb Code     6  cmsdk_driver.o(.text)
    CMSDK_gpio_SetOutEnable                  0x00003065   Thumb Code     4  cmsdk_driver.o(.text)
    CMSDK_gpio_ClrOutEnable                  0x00003069   Thumb Code     4  cmsdk_driver.o(.text)
    CMSDK_gpio_GetOutEnable                  0x0000306d   Thumb Code     6  cmsdk_driver.o(.text)
    CMSDK_gpio_SetAltFunc                    0x00003073   Thumb Code     4  cmsdk_driver.o(.text)
    CMSDK_gpio_ClrAltFunc                    0x00003077   Thumb Code     4  cmsdk_driver.o(.text)
    CMSDK_gpio_GetAltFunc                    0x0000307b   Thumb Code     6  cmsdk_driver.o(.text)
    CMSDK_gpio_IntClear                      0x00003081   Thumb Code    12  cmsdk_driver.o(.text)
    CMSDK_gpio_SetIntEnable                  0x0000308d   Thumb Code    12  cmsdk_driver.o(.text)
    CMSDK_gpio_ClrIntEnable                  0x00003099   Thumb Code    12  cmsdk_driver.o(.text)
    CMSDK_gpio_SetIntHighLevel               0x000030a5   Thumb Code    14  cmsdk_driver.o(.text)
    CMSDK_gpio_SetIntRisingEdge              0x000030b3   Thumb Code    14  cmsdk_driver.o(.text)
    CMSDK_gpio_SetIntLowLevel                0x000030c1   Thumb Code    14  cmsdk_driver.o(.text)
    CMSDK_gpio_SetIntFallingEdge             0x000030cf   Thumb Code    14  cmsdk_driver.o(.text)
    CMSDK_gpio_MaskedWrite                   0x000030dd   Thumb Code    28  cmsdk_driver.o(.text)
    Reset_Handler                            0x000030f9   Thumb Code     8  startup_cmsdk_cm3.o(.text)
    NMI_Handler                              0x00003101   Thumb Code     2  startup_cmsdk_cm3.o(.text)
    HardFault_Handler                        0x00003103   Thumb Code     2  startup_cmsdk_cm3.o(.text)
    MemManage_Handler                        0x00003105   Thumb Code     2  startup_cmsdk_cm3.o(.text)
    BusFault_Handler                         0x00003107   Thumb Code     2  startup_cmsdk_cm3.o(.text)
    UsageFault_Handler                       0x00003109   Thumb Code     2  startup_cmsdk_cm3.o(.text)
    SVC_Handler                              0x0000310b   Thumb Code     2  startup_cmsdk_cm3.o(.text)
    DebugMon_Handler                         0x0000310d   Thumb Code     2  startup_cmsdk_cm3.o(.text)
    PendSV_Handler                           0x0000310f   Thumb Code     2  startup_cmsdk_cm3.o(.text)
    SysTick_Handler                          0x00003111   Thumb Code     2  startup_cmsdk_cm3.o(.text)
    CORDIO0_Handler                          0x00003113   Thumb Code     0  startup_cmsdk_cm3.o(.text)
    CORDIO1_Handler                          0x00003113   Thumb Code     0  startup_cmsdk_cm3.o(.text)
    CORDIO2_Handler                          0x00003113   Thumb Code     0  startup_cmsdk_cm3.o(.text)
    CORDIO3_Handler                          0x00003113   Thumb Code     0  startup_cmsdk_cm3.o(.text)
    CORDIO4_Handler                          0x00003113   Thumb Code     0  startup_cmsdk_cm3.o(.text)
    CORDIO5_Handler                          0x00003113   Thumb Code     0  startup_cmsdk_cm3.o(.text)
    CORDIO6_Handler                          0x00003113   Thumb Code     0  startup_cmsdk_cm3.o(.text)
    CORDIO7_Handler                          0x00003113   Thumb Code     0  startup_cmsdk_cm3.o(.text)
    DUALTIMER_HANDLER                        0x00003113   Thumb Code     0  startup_cmsdk_cm3.o(.text)
    EFLASH_Handler                           0x00003113   Thumb Code     0  startup_cmsdk_cm3.o(.text)
    ETHERNET_Handler                         0x00003113   Thumb Code     0  startup_cmsdk_cm3.o(.text)
    I2C0_Handler                             0x00003113   Thumb Code     0  startup_cmsdk_cm3.o(.text)
    I2C1_Handler                             0x00003113   Thumb Code     0  startup_cmsdk_cm3.o(.text)
    PORT0_0_Handler                          0x00003113   Thumb Code     0  startup_cmsdk_cm3.o(.text)
    PORT0_10_Handler                         0x00003113   Thumb Code     0  startup_cmsdk_cm3.o(.text)
    PORT0_11_Handler                         0x00003113   Thumb Code     0  startup_cmsdk_cm3.o(.text)
    PORT0_12_Handler                         0x00003113   Thumb Code     0  startup_cmsdk_cm3.o(.text)
    PORT0_13_Handler                         0x00003113   Thumb Code     0  startup_cmsdk_cm3.o(.text)
    PORT0_14_Handler                         0x00003113   Thumb Code     0  startup_cmsdk_cm3.o(.text)
    PORT0_15_Handler                         0x00003113   Thumb Code     0  startup_cmsdk_cm3.o(.text)
    PORT0_1_Handler                          0x00003113   Thumb Code     0  startup_cmsdk_cm3.o(.text)
    PORT0_2_Handler                          0x00003113   Thumb Code     0  startup_cmsdk_cm3.o(.text)
    PORT0_3_Handler                          0x00003113   Thumb Code     0  startup_cmsdk_cm3.o(.text)
    PORT0_4_Handler                          0x00003113   Thumb Code     0  startup_cmsdk_cm3.o(.text)
    PORT0_5_Handler                          0x00003113   Thumb Code     0  startup_cmsdk_cm3.o(.text)
    PORT0_6_Handler                          0x00003113   Thumb Code     0  startup_cmsdk_cm3.o(.text)
    PORT0_7_Handler                          0x00003113   Thumb Code     0  startup_cmsdk_cm3.o(.text)
    PORT0_8_Handler                          0x00003113   Thumb Code     0  startup_cmsdk_cm3.o(.text)
    PORT0_9_Handler                          0x00003113   Thumb Code     0  startup_cmsdk_cm3.o(.text)
    PORT0_COMB_Handler                       0x00003113   Thumb Code     0  startup_cmsdk_cm3.o(.text)
    PORT1_COMB_Handler                       0x00003113   Thumb Code     0  startup_cmsdk_cm3.o(.text)
    PORT2_COMB_Handler                       0x00003113   Thumb Code     0  startup_cmsdk_cm3.o(.text)
    PORT3_COMB_Handler                       0x00003113   Thumb Code     0  startup_cmsdk_cm3.o(.text)
    QSPI_Handler                             0x00003113   Thumb Code     0  startup_cmsdk_cm3.o(.text)
    RTC_Handler                              0x00003113   Thumb Code     0  startup_cmsdk_cm3.o(.text)
    Reserved1_Handler                        0x00003113   Thumb Code     0  startup_cmsdk_cm3.o(.text)
    SPI0_Handler                             0x00003113   Thumb Code     0  startup_cmsdk_cm3.o(.text)
    SPI1_Handler                             0x00003113   Thumb Code     0  startup_cmsdk_cm3.o(.text)
    SYSERROR_Handler                         0x00003113   Thumb Code     0  startup_cmsdk_cm3.o(.text)
    TIMER0_Handler                           0x00003113   Thumb Code     0  startup_cmsdk_cm3.o(.text)
    TIMER1_Handler                           0x00003113   Thumb Code     0  startup_cmsdk_cm3.o(.text)
    TRNG_Handler                             0x00003113   Thumb Code     0  startup_cmsdk_cm3.o(.text)
    TSC_Handler                              0x00003113   Thumb Code     0  startup_cmsdk_cm3.o(.text)
    UART0_Handler                            0x00003113   Thumb Code     0  startup_cmsdk_cm3.o(.text)
    UART1_Handler                            0x00003113   Thumb Code     0  startup_cmsdk_cm3.o(.text)
    UARTOVF_Handler                          0x00003113   Thumb Code     0  startup_cmsdk_cm3.o(.text)
    UARTRX2_Handler                          0x00003113   Thumb Code     0  startup_cmsdk_cm3.o(.text)
    UARTRX3_Handler                          0x00003113   Thumb Code     0  startup_cmsdk_cm3.o(.text)
    UARTTX2_Handler                          0x00003113   Thumb Code     0  startup_cmsdk_cm3.o(.text)
    UARTTX3_Handler                          0x00003113   Thumb Code     0  startup_cmsdk_cm3.o(.text)
    __user_initial_stackheap                 0x00003115   Thumb Code    10  startup_cmsdk_cm3.o(.text)
    SystemCoreClockUpdate                    0x00003139   Thumb Code     8  system_cmsdk_cm3.o(.text)
    SystemInit                               0x00003141   Thumb Code     8  system_cmsdk_cm3.o(.text)
    GLCD_Initialize                          0x000031bf   Thumb Code   616  glcd_spi_mps2.o(.text)
    GLCD_SetWindow                           0x00003427   Thumb Code   104  glcd_spi_mps2.o(.text)
    GLCD_SetWindowSize                       0x0000348f   Thumb Code    88  glcd_spi_mps2.o(.text)
    GLCD_WindowMax                           0x000034e7   Thumb Code    18  glcd_spi_mps2.o(.text)
    GLCD_PutPixel                            0x000034f9   Thumb Code   108  glcd_spi_mps2.o(.text)
    GLCD_PutPixelColor                       0x00003565   Thumb Code    94  glcd_spi_mps2.o(.text)
    GLCD_SetTextColor                        0x000035c3   Thumb Code     6  glcd_spi_mps2.o(.text)
    GLCD_SetBackColor                        0x000035c9   Thumb Code     6  glcd_spi_mps2.o(.text)
    GLCD_Clear                               0x000035cf   Thumb Code    42  glcd_spi_mps2.o(.text)
    GLCD_DrawChar                            0x000035f9   Thumb Code   150  glcd_spi_mps2.o(.text)
    GLCD_DisplayChar                         0x0000368f   Thumb Code    84  glcd_spi_mps2.o(.text)
    GLCD_DisplayString                       0x000036e3   Thumb Code    40  glcd_spi_mps2.o(.text)
    GLCD_ClearLn                             0x0000370b   Thumb Code    94  glcd_spi_mps2.o(.text)
    GLCD_Bargraph                            0x00003769   Thumb Code    98  glcd_spi_mps2.o(.text)
    GLCD_Bitmap                              0x000037cb   Thumb Code    70  glcd_spi_mps2.o(.text)
    GLCD_BitmapSize                          0x00003811   Thumb Code    76  glcd_spi_mps2.o(.text)
    GLCD_ScrollVertical                      0x0000385d   Thumb Code     2  glcd_spi_mps2.o(.text)
    GLCD_WrCmd                               0x0000385f   Thumb Code    12  glcd_spi_mps2.o(.text)
    GLCD_WrReg                               0x0000386b   Thumb Code    16  glcd_spi_mps2.o(.text)
    GLCD_Start                               0x0000387b   Thumb Code    14  glcd_spi_mps2.o(.text)
    GLCD_Write                               0x00003889   Thumb Code    12  glcd_spi_mps2.o(.text)
    GLCD_End                                 0x00003895   Thumb Code     8  glcd_spi_mps2.o(.text)
    GLCD_Boarder                             0x0000389d   Thumb Code    54  glcd_spi_mps2.o(.text)
    GLCD_Box                                 0x000038d3   Thumb Code    66  glcd_spi_mps2.o(.text)
    GLCD_BoxSize                             0x00003915   Thumb Code    74  glcd_spi_mps2.o(.text)
    TSC_I2C_send_byte                        0x000039dd   Thumb Code    96  tsc_i2c_mps2.o(.text)
    TSC_I2C_receive_byte                     0x00003a3d   Thumb Code    86  tsc_i2c_mps2.o(.text)
    TSC_I2C_receive_ack                      0x00003a93   Thumb Code    92  tsc_i2c_mps2.o(.text)
    TSC_I2C_send_ack                         0x00003aef   Thumb Code    70  tsc_i2c_mps2.o(.text)
    TSC_I2C_read                             0x00003b35   Thumb Code   278  tsc_i2c_mps2.o(.text)
    TSC_I2C_write                            0x00003c4b   Thumb Code   112  tsc_i2c_mps2.o(.text)
    TSC_I2C_clear                            0x00003cbb   Thumb Code    68  tsc_i2c_mps2.o(.text)
    AAIC_I2C_send_byte                       0x00003d05   Thumb Code   102  aaic_i2c_mps2.o(.text)
    AAIC_I2C_receive_byte                    0x00003d6b   Thumb Code   104  aaic_i2c_mps2.o(.text)
    AAIC_I2C_receive_ack                     0x00003dd3   Thumb Code    92  aaic_i2c_mps2.o(.text)
    AAIC_I2C_send_ack                        0x00003e2f   Thumb Code    70  aaic_i2c_mps2.o(.text)
    AAIC_I2C_read                            0x00003e75   Thumb Code   196  aaic_i2c_mps2.o(.text)
    AAIC_I2C_write                           0x00003f39   Thumb Code   112  aaic_i2c_mps2.o(.text)
    i2s_config                               0x00003fad   Thumb Code    90  aaic_i2s_mps2.o(.text)
    i2s_tx_fifo_empty                        0x00004007   Thumb Code    10  aaic_i2s_mps2.o(.text)
    i2s_tx_fifo_full                         0x00004011   Thumb Code    10  aaic_i2s_mps2.o(.text)
    i2s_rx_fifo_empty                        0x0000401b   Thumb Code    10  aaic_i2s_mps2.o(.text)
    i2s_rx_fifo_full                         0x00004025   Thumb Code    10  aaic_i2s_mps2.o(.text)
    i2s_rx_irq_alert                         0x0000402f   Thumb Code    10  aaic_i2s_mps2.o(.text)
    i2s_tx_irq_alert                         0x00004039   Thumb Code    10  aaic_i2s_mps2.o(.text)
    i2s_tx_stop                              0x00004043   Thumb Code    14  aaic_i2s_mps2.o(.text)
    i2s_rx_stop                              0x00004051   Thumb Code    14  aaic_i2s_mps2.o(.text)
    i2s_get_tx_error                         0x0000405f   Thumb Code    10  aaic_i2s_mps2.o(.text)
    i2s_get_rx_error                         0x00004069   Thumb Code    10  aaic_i2s_mps2.o(.text)
    i2s_clear_tx_error                       0x00004073   Thumb Code     6  aaic_i2s_mps2.o(.text)
    i2s_clear_rx_error                       0x00004079   Thumb Code     6  aaic_i2s_mps2.o(.text)
    i2s_fifo_reset                           0x0000407f   Thumb Code    18  aaic_i2s_mps2.o(.text)
    i2s_fifo_set_reset                       0x00004091   Thumb Code    10  aaic_i2s_mps2.o(.text)
    i2s_fifo_clear_reset                     0x0000409b   Thumb Code    10  aaic_i2s_mps2.o(.text)
    i2s_codec_reset                          0x000040a5   Thumb Code    30  aaic_i2s_mps2.o(.text)
    i2s_codec_set_reset                      0x000040c3   Thumb Code    10  aaic_i2s_mps2.o(.text)
    i2s_codec_clear_reset                    0x000040cd   Thumb Code    10  aaic_i2s_mps2.o(.text)
    i2s_speed_config                         0x000040d7   Thumb Code    26  aaic_i2s_mps2.o(.text)
    smsc9220_mac_regread                     0x000040f1   Thumb Code   114  eth_mps2.o(.text)
    smsc9220_mac_regwrite                    0x00004163   Thumb Code   104  eth_mps2.o(.text)
    smsc9220_phy_regread                     0x000041cb   Thumb Code   122  eth_mps2.o(.text)
    smsc9220_phy_regwrite                    0x00004245   Thumb Code   128  eth_mps2.o(.text)
    smsc9220_read_id                         0x000042c5   Thumb Code     8  eth_mps2.o(.text)
    smsc9220_soft_reset                      0x000042cd   Thumb Code    56  eth_mps2.o(.text)
    smsc9220_set_txfifo                      0x00004305   Thumb Code    22  eth_mps2.o(.text)
    smsc9220_wait_eeprom                     0x0000431b   Thumb Code    42  eth_mps2.o(.text)
    smsc9220_init_irqs                       0x00004345   Thumb Code    26  eth_mps2.o(.text)
    smsc9220_check_phy                       0x0000435f   Thumb Code    58  eth_mps2.o(.text)
    smsc9220_reset_phy                       0x00004399   Thumb Code    52  eth_mps2.o(.text)
    smsc9220_advertise_cap                   0x000043cd   Thumb Code    44  eth_mps2.o(.text)
    smsc9220_establish_link                  0x000043f9   Thumb Code    62  eth_mps2.o(.text)
    smsc9220_enable_xmit                     0x00004437   Thumb Code    10  eth_mps2.o(.text)
    smsc9220_enable_mac_xmit                 0x00004441   Thumb Code    40  eth_mps2.o(.text)
    smsc9220_enable_mac_recv                 0x00004469   Thumb Code    32  eth_mps2.o(.text)
    smsc9220_check_ready                     0x00004489   Thumb Code    18  eth_mps2.o(.text)
    smsc9220_set_soft_int                    0x0000449b   Thumb Code    18  eth_mps2.o(.text)
    smsc9220_clear_soft_int                  0x000044ad   Thumb Code    18  eth_mps2.o(.text)
    smsc9220_recv_packet                     0x000044bf   Thumb Code   102  eth_mps2.o(.text)
    smsc9220_xmit_packet                     0x00004525   Thumb Code   124  eth_mps2.o(.text)
    i2c_delay                                0x000045a5   Thumb Code    54  fpga.o(.text)
    Sleepms                                  0x000045db   Thumb Code    74  fpga.o(.text)
    Sleepus                                  0x00004625   Thumb Code    58  fpga.o(.text)
    gpio_m3_out                              0x00004665   Thumb Code    14  gpio_m3.o(.text)
    gpio_m3_in                               0x00004673   Thumb Code    24  gpio_m3.o(.text)
    lcd_set_cursor                           0x0000470f   Thumb Code    54  lcd.o(.text)
    lcd_clear_screen                         0x00004745   Thumb Code    82  lcd.o(.text)
    lcd_draw_point                           0x00004797   Thumb Code    46  lcd.o(.text)
    lcd_display_char                         0x000047c5   Thumb Code   160  lcd.o(.text)
    lcd_display_num                          0x0000487b   Thumb Code   156  lcd.o(.text)
    lcd_display_string                       0x00004917   Thumb Code   110  lcd.o(.text)
    lcd_draw_line                            0x00004985   Thumb Code   166  lcd.o(.text)
    lcd_draw_circle                          0x00004a2b   Thumb Code   166  lcd.o(.text)
    lcd_fill_rect                            0x00004ad1   Thumb Code    72  lcd.o(.text)
    lcd_draw_v_line                          0x00004b19   Thumb Code    72  lcd.o(.text)
    lcd_draw_h_line                          0x00004b61   Thumb Code    68  lcd.o(.text)
    lcd_draw_rect                            0x00004ba5   Thumb Code    88  lcd.o(.text)
    lcd_init                                 0x00004bfd   Thumb Code   542  lcd.o(.text)
    spi_read_write_byte                      0x00004e21   Thumb Code    28  spi_mps2.o(.text)
    __semihosting$guard                      0x00004e41   Thumb Code     0  use_no_semi.o(.text)
    __use_no_semihosting_swi                 0x00004e41   Thumb Code     2  use_no_semi.o(.text)
    malloc                                   0x00004e43   Thumb Code    94  h1_alloc.o(.text)
    free                                     0x00004ea1   Thumb Code    78  h1_free.o(.text)
    toupper                                  0x00004eef   Thumb Code    30  toupper.o(.text)
    __2printf                                0x00004f0d   Thumb Code    20  noretval__2printf.o(.text)
    _printf_pre_padding                      0x00004f25   Thumb Code    44  _printf_pad.o(.text)
    _printf_post_padding                     0x00004f51   Thumb Code    34  _printf_pad.o(.text)
    _printf_str                              0x00004f73   Thumb Code    82  _printf_str.o(.text)
    _printf_int_dec                          0x00004fc5   Thumb Code   104  _printf_dec.o(.text)
    _printf_int_hex                          0x0000503d   Thumb Code    84  _printf_hex_int.o(.text)
    _printf_longlong_hex                     0x0000503d   Thumb Code     0  _printf_hex_int.o(.text)
    __printf                                 0x00005095   Thumb Code   308  __printf_flags_wp.o(.text)
    __0sscanf                                0x000051cd   Thumb Code    52  __0sscanf.o(.text)
    _scanf_int                               0x00005209   Thumb Code   332  _scanf_int.o(.text)
    _do_fflush                               0x00005355   Thumb Code    54  fflush.o(.text)
    fflush                                   0x0000538b   Thumb Code    42  fflush.o(.text)
    getc                                     0x000053b9   Thumb Code     4  getc.o(.text)
    srand                                    0x000053bd   Thumb Code    42  rand.o(.text)
    _rand_init                               0x000053e7   Thumb Code     4  rand.o(.text)
    strlen                                   0x000053f9   Thumb Code    62  strlen.o(.text)
    __aeabi_memcpy4                          0x00005437   Thumb Code     0  rt_memcpy_w.o(.text)
    __aeabi_memcpy8                          0x00005437   Thumb Code     0  rt_memcpy_w.o(.text)
    __rt_memcpy_w                            0x00005437   Thumb Code   100  rt_memcpy_w.o(.text)
    _memcpy_lastbytes_aligned                0x0000547f   Thumb Code     0  rt_memcpy_w.o(.text)
    __aeabi_memclr                           0x0000549b   Thumb Code     0  rt_memclr.o(.text)
    __rt_memclr                              0x0000549b   Thumb Code    68  rt_memclr.o(.text)
    _memset                                  0x0000549f   Thumb Code     0  rt_memclr.o(.text)
    strcmp                                   0x000054e1   Thumb Code   128  strcmpv7m.o(.text)
    __use_two_region_memory                  0x00005561   Thumb Code     2  heapauxi.o(.text)
    __rt_heap_escrow                         0x00005563   Thumb Code     2  heapauxi.o(.text)
    __rt_heap_expand                         0x00005565   Thumb Code     2  heapauxi.o(.text)
    __rt_ctype_table                         0x00005569   Thumb Code    16  rt_ctype_table.o(.text)
    __rt_heap_descriptor                     0x00005579   Thumb Code     8  rt_heap_descriptor_intlibspace.o(.text)
    __use_no_heap                            0x00005581   Thumb Code     2  hguard.o(.text)
    __heap$guard                             0x00005583   Thumb Code     2  hguard.o(.text)
    _terminate_user_alloc                    0x00005585   Thumb Code     2  init_alloc.o(.text)
    _init_user_alloc                         0x00005587   Thumb Code     2  init_alloc.o(.text)
    __Heap_Full                              0x00005589   Thumb Code    34  init_alloc.o(.text)
    __Heap_Broken                            0x000055ab   Thumb Code     6  init_alloc.o(.text)
    _init_alloc                              0x000055b1   Thumb Code    94  init_alloc.o(.text)
    __Heap_Initialize                        0x0000560f   Thumb Code    10  h1_init.o(.text)
    __Heap_DescSize                          0x00005619   Thumb Code     4  h1_init.o(.text)
    _printf_int_common                       0x0000561d   Thumb Code   178  _printf_intcommon.o(.text)
    _printf_cs_common                        0x000056cf   Thumb Code    20  _printf_char.o(.text)
    _printf_char                             0x000056e3   Thumb Code    16  _printf_char.o(.text)
    _printf_string                           0x000056f3   Thumb Code     8  _printf_char.o(.text)
    _printf_char_file                        0x000056fd   Thumb Code    32  _printf_char_file.o(.text)
    _chval                                   0x00005721   Thumb Code    28  _chval.o(.text)
    __vfscanf_char                           0x00005749   Thumb Code    24  scanf_char.o(.text)
    _sgetc                                   0x00005769   Thumb Code    30  _sgetc.o(.text)
    _sbackspace                              0x00005787   Thumb Code    34  _sgetc.o(.text)
    _fseek                                   0x000057a9   Thumb Code   242  fseek.o(.text)
    fseek                                    0x000057a9   Thumb Code     0  fseek.o(.text)
    _seterr                                  0x000058a1   Thumb Code    20  stdio.o(.text)
    _writebuf                                0x000058b5   Thumb Code    84  stdio.o(.text)
    _fflush                                  0x00005909   Thumb Code    70  stdio.o(.text)
    _deferredlazyseek                        0x0000594f   Thumb Code    60  stdio.o(.text)
    _initio                                  0x00005991   Thumb Code   210  initio.o(.text)
    _terminateio                             0x00005a63   Thumb Code    56  initio.o(.text)
    __aeabi_memclr4                          0x00005ac9   Thumb Code     0  rt_memclr_w.o(.text)
    __aeabi_memclr8                          0x00005ac9   Thumb Code     0  rt_memclr_w.o(.text)
    __rt_memclr_w                            0x00005ac9   Thumb Code    78  rt_memclr_w.o(.text)
    _memset_w                                0x00005acd   Thumb Code     0  rt_memclr_w.o(.text)
    __user_libspace                          0x00005b19   Thumb Code     8  libspace.o(.text)
    __user_perproc_libspace                  0x00005b19   Thumb Code     0  libspace.o(.text)
    __user_perthread_libspace                0x00005b19   Thumb Code     0  libspace.o(.text)
    __rt_locale                              0x00005b21   Thumb Code     8  rt_locale_intlibspace.o(.text)
    __Heap_ProvideMemory                     0x00005b29   Thumb Code    52  h1_extend.o(.text)
    isspace                                  0x00005b5d   Thumb Code    18  isspace.o(.text)
    _printf_char_common                      0x00005b7b   Thumb Code    32  _printf_char_common.o(.text)
    __vfscanf                                0x00005ba1   Thumb Code   878  _scanf.o(.text)
    _ftell_internal                          0x00005f15   Thumb Code    66  ftell.o(.text)
    ftell                                    0x00005f15   Thumb Code     0  ftell.o(.text)
    setvbuf                                  0x00005f57   Thumb Code    70  setvbuf.o(.text)
    freopen                                  0x00005f9d   Thumb Code   158  fopen.o(.text)
    fopen                                    0x0000603b   Thumb Code    74  fopen.o(.text)
    _fclose_internal                         0x00006089   Thumb Code    76  fclose.o(.text)
    fclose                                   0x00006089   Thumb Code     0  fclose.o(.text)
    __rt_SIGRTRED                            0x000060d5   Thumb Code    14  defsig_rtred_outer.o(.text)
    __rt_SIGRTMEM                            0x000060e3   Thumb Code    14  defsig_rtmem_outer.o(.text)
    __user_setup_stackheap                   0x000060f1   Thumb Code    74  sys_stackheap_outer.o(.text)
    __aeabi_errno_addr                       0x0000613d   Thumb Code     8  rt_errno_addr_intlibspace.o(.text)
    __errno$intlibspace                      0x0000613d   Thumb Code     0  rt_errno_addr_intlibspace.o(.text)
    __rt_errno_addr$intlibspace              0x0000613d   Thumb Code     0  rt_errno_addr_intlibspace.o(.text)
    exit                                     0x00006145   Thumb Code    18  exit.o(.text)
    __sig_exit                               0x00006157   Thumb Code    10  defsig_exit.o(.text)
    __rt_SIGRTRED_inner                      0x00006161   Thumb Code    14  defsig_rtred_inner.o(.text)
    __rt_SIGRTMEM_inner                      0x00006195   Thumb Code    22  defsig_rtmem_inner.o(.text)
    __default_signal_display                 0x000061e5   Thumb Code    50  defsig_general.o(.text)
    get_stack_ptr                            0x00006219   Thumb Code     0  apmemsup.o(MemoryTest)
    memcpy_LDM_STM                           0x0000621f   Thumb Code     0  apmemsup.o(MemoryTest)
    _is_digit                                0x00006237   Thumb Code    14  __printf_wp.o(i._is_digit)
    _get_lc_ctype                            0x00006245   Thumb Code    44  lc_ctype_c.o(locale$$code)
    __stdin_name                             0x00006270   Data           6  retarget.o(.constdata)
    __stdout_name                            0x00006276   Data           7  retarget.o(.constdata)
    __stderr_name                            0x0000627d   Data           7  retarget.o(.constdata)
    Font_6x8_h                               0x00006344   Data         896  glcd_spi_mps2.o(.constdata)
    Font_16x24_h                             0x000066c4   Data        5376  glcd_spi_mps2.o(.constdata)
    c_chFont1206                             0x00007bc4   Data        1140  fonts.o(.constdata)
    c_chFont1608                             0x00008038   Data        1520  fonts.o(.constdata)
    Region$$Table$$Base                      0x00008a80   Number         0  anon$$obj.o(Region$$Table)
    Region$$Table$$Limit                     0x00008a90   Number         0  anon$$obj.o(Region$$Table)
    __ctype                                  0x00008a9d   Data           0  lc_ctype_c.o(locale$$data)
    test_status                              0x00008c60   Data           8  main.o(.data)
    prod_test_status                         0x00008c68   Data           8  main.o(.data)
    RunAllTests                              0x00008c70   Data           4  common.o(.data)
    SystemCoreClock                          0x00008c84   Data           4  system_cmsdk_cm3.o(.data)
    SMSC9220                                 0x00008c8c   Data           4  eth_mps2.o(.data)
    __aeabi_stdin                            0x00008c90   Data           4  stdio_streams.o(.data)
    __aeabi_stdout                           0x00008c94   Data           4  stdio_streams.o(.data)
    __aeabi_stderr                           0x00008c98   Data           4  stdio_streams.o(.data)
    status_str                               0x00008c9c   Data          16  main.o(.bss)
    __stdin                                  0x00008ed8   Data          84  stdio_streams.o(.bss)
    __stdout                                 0x00008f2c   Data          84  stdio_streams.o(.bss)
    __stderr                                 0x00008f80   Data          84  stdio_streams.o(.bss)
    _random_number_data                      0x00008fd4   Data         228  rand.o(.bss)
    __libspace_start                         0x000090b8   Data          96  libspace.o(.bss)
    __temporary_stack_top$libspace           0x00009118   Data           0  libspace.o(.bss)
    introData                                0x00400000   Data       153600  intro.o(.constdata)
    flyerData                                0x00425800   Data       153600  flyer.o(.constdata)



==============================================================================

Memory Map of the image

  Image Entry point : 0x000030f9

  Load Region LR_IROM1 (Base: 0x00000000, Size: 0x00008c9c, Max: 0xffffffff, ABSOLUTE)

    Execution Region ER_IROM1 (Base: 0x00000000, Size: 0x00008ba0, Max: 0xffffffff, ABSOLUTE)

    Base Addr    Size         Type   Attr      Idx    E Section Name        Object

    0x00000000   0x00000108   Data   RO          470    RESET               startup_cmsdk_cm3.o
    0x00000108   0x00000008   Code   RO          910  * !!!main             c_w.l(__main.o)
    0x00000110   0x00000034   Code   RO         1165    !!!scatter          c_w.l(__scatter.o)
    0x00000144   0x0000001c   Code   RO         1167    !!handler_zi        c_w.l(__scatter_zi.o)
    0x00000160   0x00000000   Code   RO          878    .ARM.Collect$$_printf_percent$$00000000  c_w.l(_printf_percent.o)
    0x00000160   0x00000006   Code   RO          877    .ARM.Collect$$_printf_percent$$00000009  c_w.l(_printf_d.o)
    0x00000166   0x00000006   Code   RO          876    .ARM.Collect$$_printf_percent$$0000000C  c_w.l(_printf_x.o)
    0x0000016c   0x00000006   Code   RO          874    .ARM.Collect$$_printf_percent$$00000013  c_w.l(_printf_c.o)
    0x00000172   0x00000006   Code   RO          875    .ARM.Collect$$_printf_percent$$00000014  c_w.l(_printf_s.o)
    0x00000178   0x00000004   Code   RO          948    .ARM.Collect$$_printf_percent$$00000017  c_w.l(_printf_percent_end.o)
    0x0000017c   0x00000002   Code   RO         1126    .ARM.Collect$$libinit$$00000000  c_w.l(libinit.o)
    0x0000017e   0x00000000   Code   RO          969    .ARM.Collect$$libinit$$00000002  c_w.l(libinit2.o)
    0x0000017e   0x00000000   Code   RO          971    .ARM.Collect$$libinit$$00000004  c_w.l(libinit2.o)
    0x0000017e   0x00000008   Code   RO          972    .ARM.Collect$$libinit$$00000005  c_w.l(libinit2.o)
    0x00000186   0x00000000   Code   RO          974    .ARM.Collect$$libinit$$0000000A  c_w.l(libinit2.o)
    0x00000186   0x00000000   Code   RO          976    .ARM.Collect$$libinit$$0000000C  c_w.l(libinit2.o)
    0x00000186   0x00000004   Code   RO          977    .ARM.Collect$$libinit$$0000000D  c_w.l(libinit2.o)
    0x0000018a   0x00000000   Code   RO          978    .ARM.Collect$$libinit$$0000000E  c_w.l(libinit2.o)
    0x0000018a   0x00000006   Code   RO          979    .ARM.Collect$$libinit$$0000000F  c_w.l(libinit2.o)
    0x00000190   0x00000000   Code   RO          981    .ARM.Collect$$libinit$$00000011  c_w.l(libinit2.o)
    0x00000190   0x0000000c   Code   RO          982    .ARM.Collect$$libinit$$00000012  c_w.l(libinit2.o)
    0x0000019c   0x00000000   Code   RO          983    .ARM.Collect$$libinit$$00000013  c_w.l(libinit2.o)
    0x0000019c   0x00000000   Code   RO          985    .ARM.Collect$$libinit$$00000015  c_w.l(libinit2.o)
    0x0000019c   0x00000000   Code   RO          987    .ARM.Collect$$libinit$$00000017  c_w.l(libinit2.o)
    0x0000019c   0x00000000   Code   RO          989    .ARM.Collect$$libinit$$00000019  c_w.l(libinit2.o)
    0x0000019c   0x00000000   Code   RO          991    .ARM.Collect$$libinit$$0000001B  c_w.l(libinit2.o)
    0x0000019c   0x00000000   Code   RO          993    .ARM.Collect$$libinit$$0000001D  c_w.l(libinit2.o)
    0x0000019c   0x00000000   Code   RO          995    .ARM.Collect$$libinit$$0000001F  c_w.l(libinit2.o)
    0x0000019c   0x00000000   Code   RO          997    .ARM.Collect$$libinit$$00000021  c_w.l(libinit2.o)
    0x0000019c   0x00000000   Code   RO          999    .ARM.Collect$$libinit$$00000023  c_w.l(libinit2.o)
    0x0000019c   0x00000004   Code   RO         1000    .ARM.Collect$$libinit$$00000024  c_w.l(libinit2.o)
    0x000001a0   0x00000000   Code   RO         1001    .ARM.Collect$$libinit$$00000025  c_w.l(libinit2.o)
    0x000001a0   0x00000000   Code   RO         1005    .ARM.Collect$$libinit$$0000002C  c_w.l(libinit2.o)
    0x000001a0   0x00000000   Code   RO         1007    .ARM.Collect$$libinit$$0000002E  c_w.l(libinit2.o)
    0x000001a0   0x00000000   Code   RO         1009    .ARM.Collect$$libinit$$00000030  c_w.l(libinit2.o)
    0x000001a0   0x00000000   Code   RO         1011    .ARM.Collect$$libinit$$00000032  c_w.l(libinit2.o)
    0x000001a0   0x00000002   Code   RO         1012    .ARM.Collect$$libinit$$00000033  c_w.l(libinit2.o)
    0x000001a2   0x00000002   Code   RO         1162    .ARM.Collect$$libshutdown$$00000000  c_w.l(libshutdown.o)
    0x000001a4   0x00000000   Code   RO         1079    .ARM.Collect$$libshutdown$$00000002  c_w.l(libshutdown2.o)
    0x000001a4   0x00000004   Code   RO         1080    .ARM.Collect$$libshutdown$$00000003  c_w.l(libshutdown2.o)
    0x000001a8   0x00000000   Code   RO         1081    .ARM.Collect$$libshutdown$$00000004  c_w.l(libshutdown2.o)
    0x000001a8   0x00000000   Code   RO         1084    .ARM.Collect$$libshutdown$$00000007  c_w.l(libshutdown2.o)
    0x000001a8   0x00000000   Code   RO         1087    .ARM.Collect$$libshutdown$$0000000A  c_w.l(libshutdown2.o)
    0x000001a8   0x00000000   Code   RO         1089    .ARM.Collect$$libshutdown$$0000000C  c_w.l(libshutdown2.o)
    0x000001a8   0x00000000   Code   RO         1092    .ARM.Collect$$libshutdown$$0000000F  c_w.l(libshutdown2.o)
    0x000001a8   0x00000002   Code   RO         1093    .ARM.Collect$$libshutdown$$00000010  c_w.l(libshutdown2.o)
    0x000001aa   0x00000000   Code   RO          914    .ARM.Collect$$rtentry$$00000000  c_w.l(__rtentry.o)
    0x000001aa   0x00000000   Code   RO         1017    .ARM.Collect$$rtentry$$00000002  c_w.l(__rtentry2.o)
    0x000001aa   0x00000006   Code   RO         1029    .ARM.Collect$$rtentry$$00000004  c_w.l(__rtentry4.o)
    0x000001b0   0x00000000   Code   RO         1019    .ARM.Collect$$rtentry$$00000009  c_w.l(__rtentry2.o)
    0x000001b0   0x00000004   Code   RO         1020    .ARM.Collect$$rtentry$$0000000A  c_w.l(__rtentry2.o)
    0x000001b4   0x00000000   Code   RO         1022    .ARM.Collect$$rtentry$$0000000C  c_w.l(__rtentry2.o)
    0x000001b4   0x00000008   Code   RO         1023    .ARM.Collect$$rtentry$$0000000D  c_w.l(__rtentry2.o)
    0x000001bc   0x00000002   Code   RO         1127    .ARM.Collect$$rtexit$$00000000  c_w.l(rtexit.o)
    0x000001be   0x00000000   Code   RO         1138    .ARM.Collect$$rtexit$$00000002  c_w.l(rtexit2.o)
    0x000001be   0x00000004   Code   RO         1139    .ARM.Collect$$rtexit$$00000003  c_w.l(rtexit2.o)
    0x000001c2   0x00000006   Code   RO         1140    .ARM.Collect$$rtexit$$00000004  c_w.l(rtexit2.o)
    0x000001c8   0x00000034   Code   RO          895    .emb_text           c_w.l(rand.o)
    0x000001fc   0x00000000   Code   RO         1038    .emb_text           c_w.l(maybetermalloc1.o)
    0x000001fc   0x00000688   Code   RO            3    .text               main.o
    0x00000884   0x000002b4   Code   RO          128    .text               common.o
    0x00000b38   0x0000017c   Code   RO          160    .text               retarget.o
    0x00000cb4   0x00000128   Code   RO          204    .text               uart_stdout.o
    0x00000ddc   0x00000304   Code   RO          224    .text               aptimer.o
    0x000010e0   0x000004a8   Code   RO          254    .text               apmem.o
    0x00001588   0x00000428   Code   RO          292    .text               apleds.o
    0x000019b0   0x000000ec   Code   RO          320    .text               apclcd.o
    0x00001a9c   0x000003a4   Code   RO          343    .text               aptsc.o
    0x00001e40   0x0000044c   Code   RO          364    .text               apaaci.o
    0x0000228c   0x0000085c   Code   RO          396    .text               aplan.o
    0x00002ae8   0x00000424   Code   RO          427    .text               apssp.o
    0x00002f0c   0x000001ec   Code   RO          450    .text               cmsdk_driver.o
    0x000030f8   0x00000040   Code   RO          471  * .text               startup_cmsdk_cm3.o
    0x00003138   0x00000018   Code   RO          477    .text               system_cmsdk_cm3.o
    0x00003150   0x0000088a   Code   RO          503    .text               glcd_spi_mps2.o
    0x000039da   0x00000002   PAD
    0x000039dc   0x00000328   Code   RO          533    .text               tsc_i2c_mps2.o
    0x00003d04   0x000002a8   Code   RO          553    .text               aaic_i2c_mps2.o
    0x00003fac   0x00000144   Code   RO          573    .text               aaic_i2s_mps2.o
    0x000040f0   0x000004b4   Code   RO          593    .text               eth_mps2.o
    0x000045a4   0x000000c0   Code   RO          619    .text               fpga.o
    0x00004664   0x00000026   Code   RO          662    .text               gpio_m3.o
    0x0000468a   0x00000002   PAD
    0x0000468c   0x00000794   Code   RO          685    .text               lcd.o
    0x00004e20   0x00000020   Code   RO          715    .text               spi_mps2.o
    0x00004e40   0x00000002   Code   RO          755    .text               c_w.l(use_no_semi.o)
    0x00004e42   0x0000005e   Code   RO          761    .text               c_w.l(h1_alloc.o)
    0x00004ea0   0x0000004e   Code   RO          763    .text               c_w.l(h1_free.o)
    0x00004eee   0x0000001e   Code   RO          819    .text               c_w.l(toupper.o)
    0x00004f0c   0x00000018   Code   RO          823    .text               c_w.l(noretval__2printf.o)
    0x00004f24   0x0000004e   Code   RO          827    .text               c_w.l(_printf_pad.o)
    0x00004f72   0x00000052   Code   RO          829    .text               c_w.l(_printf_str.o)
    0x00004fc4   0x00000078   Code   RO          831    .text               c_w.l(_printf_dec.o)
    0x0000503c   0x00000058   Code   RO          836    .text               c_w.l(_printf_hex_int.o)
    0x00005094   0x00000138   Code   RO          866    .text               c_w.l(__printf_flags_wp.o)
    0x000051cc   0x0000003c   Code   RO          879    .text               c_w.l(__0sscanf.o)
    0x00005208   0x0000014c   Code   RO          881    .text               c_w.l(_scanf_int.o)
    0x00005354   0x00000064   Code   RO          883    .text               c_w.l(fflush.o)
    0x000053b8   0x00000004   Code   RO          885    .text               c_w.l(getc.o)
    0x000053bc   0x0000003c   Code   RO          896    .text               c_w.l(rand.o)
    0x000053f8   0x0000003e   Code   RO          900    .text               c_w.l(strlen.o)
    0x00005436   0x00000064   Code   RO          902    .text               c_w.l(rt_memcpy_w.o)
    0x0000549a   0x00000044   Code   RO          904    .text               c_w.l(rt_memclr.o)
    0x000054de   0x00000002   PAD
    0x000054e0   0x00000080   Code   RO          906    .text               c_w.l(strcmpv7m.o)
    0x00005560   0x00000006   Code   RO          908    .text               c_w.l(heapauxi.o)
    0x00005566   0x00000002   PAD
    0x00005568   0x00000010   Code   RO          915    .text               c_w.l(rt_ctype_table.o)
    0x00005578   0x00000008   Code   RO          920    .text               c_w.l(rt_heap_descriptor_intlibspace.o)
    0x00005580   0x00000004   Code   RO          922    .text               c_w.l(hguard.o)
    0x00005584   0x0000008a   Code   RO          924    .text               c_w.l(init_alloc.o)
    0x0000560e   0x0000000e   Code   RO          928    .text               c_w.l(h1_init.o)
    0x0000561c   0x000000b2   Code   RO          942    .text               c_w.l(_printf_intcommon.o)
    0x000056ce   0x0000002c   Code   RO          944    .text               c_w.l(_printf_char.o)
    0x000056fa   0x00000002   PAD
    0x000056fc   0x00000024   Code   RO          946    .text               c_w.l(_printf_char_file.o)
    0x00005720   0x0000001c   Code   RO          949    .text               c_w.l(_chval.o)
    0x0000573c   0x0000002c   Code   RO          951    .text               c_w.l(scanf_char.o)
    0x00005768   0x00000040   Code   RO          953    .text               c_w.l(_sgetc.o)
    0x000057a8   0x000000f8   Code   RO          955    .text               c_w.l(fseek.o)
    0x000058a0   0x000000f0   Code   RO          957    .text               c_w.l(stdio.o)
    0x00005990   0x00000138   Code   RO          960    .text               c_w.l(initio.o)
    0x00005ac8   0x0000004e   Code   RO          964    .text               c_w.l(rt_memclr_w.o)
    0x00005b16   0x00000002   PAD
    0x00005b18   0x00000008   Code   RO         1013    .text               c_w.l(libspace.o)
    0x00005b20   0x00000008   Code   RO         1034    .text               c_w.l(rt_locale_intlibspace.o)
    0x00005b28   0x00000034   Code   RO         1040    .text               c_w.l(h1_extend.o)
    0x00005b5c   0x00000012   Code   RO         1044    .text               c_w.l(isspace.o)
    0x00005b6e   0x00000002   PAD
    0x00005b70   0x00000030   Code   RO         1046    .text               c_w.l(_printf_char_common.o)
    0x00005ba0   0x00000374   Code   RO         1048    .text               c_w.l(_scanf.o)
    0x00005f14   0x00000042   Code   RO         1050    .text               c_w.l(ftell.o)
    0x00005f56   0x00000046   Code   RO         1052    .text               c_w.l(setvbuf.o)
    0x00005f9c   0x000000ec   Code   RO         1054    .text               c_w.l(fopen.o)
    0x00006088   0x0000004c   Code   RO         1056    .text               c_w.l(fclose.o)
    0x000060d4   0x0000000e   Code   RO         1065    .text               c_w.l(defsig_rtred_outer.o)
    0x000060e2   0x0000000e   Code   RO         1069    .text               c_w.l(defsig_rtmem_outer.o)
    0x000060f0   0x0000004a   Code   RO         1096    .text               c_w.l(sys_stackheap_outer.o)
    0x0000613a   0x00000002   PAD
    0x0000613c   0x00000008   Code   RO         1103    .text               c_w.l(rt_errno_addr_intlibspace.o)
    0x00006144   0x00000012   Code   RO         1109    .text               c_w.l(exit.o)
    0x00006156   0x0000000a   Code   RO         1111    .text               c_w.l(defsig_exit.o)
    0x00006160   0x00000034   Code   RO         1113    .text               c_w.l(defsig_rtred_inner.o)
    0x00006194   0x00000050   Code   RO         1115    .text               c_w.l(defsig_rtmem_inner.o)
    0x000061e4   0x00000032   Code   RO         1135    .text               c_w.l(defsig_general.o)
    0x00006216   0x00000002   PAD
    0x00006218   0x0000001e   Code   RO          249    MemoryTest          apmemsup.o
    0x00006236   0x0000000e   Code   RO          864    i._is_digit         c_w.l(__printf_wp.o)
    0x00006244   0x0000002c   Code   RO         1063    locale$$code        c_w.l(lc_ctype_c.o)
    0x00006270   0x00000014   Data   RO          161    .constdata          retarget.o
    0x00006284   0x000000c0   Data   RO          365    .constdata          apaaci.o
    0x00006344   0x00001880   Data   RO          504    .constdata          glcd_spi_mps2.o
    0x00007bc4   0x00000a64   Data   RO          735    .constdata          fonts.o
    0x00008628   0x00000028   Data   RO          837    .constdata          c_w.l(_printf_hex_int.o)
    0x00008650   0x00000011   Data   RO          867    .constdata          c_w.l(__printf_flags_wp.o)
    0x00008661   0x00000003   PAD
    0x00008664   0x000000c0   Data   RO            5    .conststring        main.o
    0x00008724   0x0000004e   Data   RO          129    .conststring        common.o
    0x00008772   0x00000002   PAD
    0x00008774   0x000000b4   Data   RO          255    .conststring        apmem.o
    0x00008828   0x0000011f   Data   RO          366    .conststring        apaaci.o
    0x00008947   0x00000001   PAD
    0x00008948   0x00000137   Data   RO          398    .conststring        aplan.o
    0x00008a7f   0x00000001   PAD
    0x00008a80   0x00000010   Data   RO         1163    Region$$Table       anon$$obj.o
    0x00008a90   0x00000110   Data   RO         1062    locale$$data        c_w.l(lc_ctype_c.o)


    Execution Region RW_IRAM1 (Base: 0x00008ba0, Size: 0x00001578, Max: 0xffffffff, ABSOLUTE)

    Base Addr    Size         Type   Attr      Idx    E Section Name        Object

    0x00008ba0   0x000000d0   Data   RW            6    .data               main.o
    0x00008c70   0x00000004   Data   RW          130    .data               common.o
    0x00008c74   0x00000010   Data   RW          399    .data               aplan.o
    0x00008c84   0x00000004   Data   RW          478    .data               system_cmsdk_cm3.o
    0x00008c88   0x00000004   Data   RW          505    .data               glcd_spi_mps2.o
    0x00008c8c   0x00000004   Data   RW          594    .data               eth_mps2.o
    0x00008c90   0x00000004   Data   RW          890    .data               c_w.l(stdio_streams.o)
    0x00008c94   0x00000004   Data   RW          891    .data               c_w.l(stdio_streams.o)
    0x00008c98   0x00000004   Data   RW          892    .data               c_w.l(stdio_streams.o)
    0x00008c9c   0x00000010   Zero   RW            4    .bss                main.o
    0x00008cac   0x0000022c   Zero   RW          397    .bss                aplan.o
    0x00008ed8   0x00000054   Zero   RW          887    .bss                c_w.l(stdio_streams.o)
    0x00008f2c   0x00000054   Zero   RW          888    .bss                c_w.l(stdio_streams.o)
    0x00008f80   0x00000054   Zero   RW          889    .bss                c_w.l(stdio_streams.o)
    0x00008fd4   0x000000e4   Zero   RW          897    .bss                c_w.l(rand.o)
    0x000090b8   0x00000060   Zero   RW         1014    .bss                c_w.l(libspace.o)
    0x00009118   0x00000c00   Zero   RW          469    HEAP                startup_cmsdk_cm3.o
    0x00009d18   0x00000400   Zero   RW          468    STACK               startup_cmsdk_cm3.o



  Load Region LR_IROM2 (Base: 0x00400000, Size: 0x0004b000, Max: 0xffffffff, ABSOLUTE)

    Execution Region ER_IROM2 (Base: 0x00400000, Size: 0x0004b000, Max: 0xffffffff, ABSOLUTE)

    Base Addr    Size         Type   Attr      Idx    E Section Name        Object

    0x00400000   0x00025800   Data   RO          313    .constdata          intro.o
    0x00425800   0x00025800   Data   RO          336    .constdata          flyer.o


==============================================================================

Image component sizes


      Code (inc. data)   RO Data    RW Data    ZI Data      Debug   Object Name

       680          4          0          0          0       2019   aaic_i2c_mps2.o
       324          0          0          0          0       4147   aaic_i2s_mps2.o
      1100        232        479          0          0       3226   apaaci.o
       236        138          0          0          0        578   apclcd.o
      2140       1016        311         16        556       4087   aplan.o
      1064        598          0          0          0       1086   apleds.o
      1192        502        180          0          0       5887   apmem.o
        30          0          0          0          0        260   apmemsup.o
      1060        314          0          0          0       2440   apssp.o
       772        350          0          0          0      25802   aptimer.o
       932        170          0          0          0       1846   aptsc.o
       492          0          0          0          0       8952   cmsdk_driver.o
       692         64         78          4          0       2953   common.o
      1204         14          0          4          0       6401   eth_mps2.o
         0          0     153600          0          0        412   flyer.o
         0          0       2660          0          0        596   fonts.o
       192          6          0          0          0       1060   fpga.o
      2186         36       6272          4          0      10262   glcd_spi_mps2.o
        38          0          0          0          0       1629   gpio_m3.o
         0          0     153600          0          0        412   intro.o
      1940         18          0          0          0       7532   lcd.o
      1672        608        192        208         16      63889   main.o
       380         28         20          0          0       6616   retarget.o
        32          4          0          0          0        514   spi_mps2.o
        64         26        264          0       4096        888   startup_cmsdk_cm3.o
        24          8          0          4          0        845   system_cmsdk_cm3.o
       808          6          0          0          0       2327   tsc_i2c_mps2.o
       296         18          0          0          0       1445   uart_stdout.o

    ----------------------------------------------------------------------
     19554       4160     317676        240       4668     168111   Object Totals
         0          0         16          0          0          0   (incl. Generated)
         4          0          4          0          0          0   (incl. Padding)

    ----------------------------------------------------------------------

      Code (inc. data)   RO Data    RW Data    ZI Data      Debug   Library Member Name

        60          8          0          0          0         84   __0sscanf.o
         8          0          0          0          0         68   __main.o
       312          4         17          0          0         92   __printf_flags_wp.o
        14          0          0          0          0         68   __printf_wp.o
         0          0          0          0          0          0   __rtentry.o
        12          0          0          0          0          0   __rtentry2.o
         6          0          0          0          0          0   __rtentry4.o
        52          8          0          0          0          0   __scatter.o
        28          0          0          0          0          0   __scatter_zi.o
        28          0          0          0          0         68   _chval.o
         6          0          0          0          0          0   _printf_c.o
        44          0          0          0          0        108   _printf_char.o
        48          6          0          0          0         96   _printf_char_common.o
        36          4          0          0          0         80   _printf_char_file.o
         6          0          0          0          0          0   _printf_d.o
       120         16          0          0          0         92   _printf_dec.o
        88          4         40          0          0         88   _printf_hex_int.o
       178          0          0          0          0         88   _printf_intcommon.o
        78          0          0          0          0        108   _printf_pad.o
         0          0          0          0          0          0   _printf_percent.o
         4          0          0          0          0          0   _printf_percent_end.o
         6          0          0          0          0          0   _printf_s.o
        82          0          0          0          0         80   _printf_str.o
         6          0          0          0          0          0   _printf_x.o
       884          6          0          0          0        100   _scanf.o
       332          0          0          0          0         96   _scanf_int.o
        64          0          0          0          0         84   _sgetc.o
        10          0          0          0          0         68   defsig_exit.o
        50          0          0          0          0         88   defsig_general.o
        80         58          0          0          0         76   defsig_rtmem_inner.o
        14          0          0          0          0         80   defsig_rtmem_outer.o
        52         38          0          0          0         76   defsig_rtred_inner.o
        14          0          0          0          0         80   defsig_rtred_outer.o
        18          0          0          0          0         80   exit.o
        76          0          0          0          0         88   fclose.o
       100          4          0          0          0        120   fflush.o
       236          4          0          0          0        128   fopen.o
       248          6          0          0          0         84   fseek.o
        66          0          0          0          0         76   ftell.o
         4          0          0          0          0         68   getc.o
        94          0          0          0          0         80   h1_alloc.o
        52          0          0          0          0         68   h1_extend.o
        78          0          0          0          0         80   h1_free.o
        14          0          0          0          0         84   h1_init.o
         6          0          0          0          0        152   heapauxi.o
         4          0          0          0          0        136   hguard.o
       138          0          0          0          0        168   init_alloc.o
       312         46          0          0          0        112   initio.o
        18          0          0          0          0         76   isspace.o
        44         10        272          0          0         76   lc_ctype_c.o
         2          0          0          0          0          0   libinit.o
        36          0          0          0          0          0   libinit2.o
         2          0          0          0          0          0   libshutdown.o
         6          0          0          0          0          0   libshutdown2.o
         8          4          0          0         96         68   libspace.o
         0          0          0          0          0          0   maybetermalloc1.o
        24          4          0          0          0         84   noretval__2printf.o
       112         18          0          0        228        160   rand.o
        16          4          0          0          0         76   rt_ctype_table.o
         8          4          0          0          0         68   rt_errno_addr_intlibspace.o
         8          4          0          0          0         68   rt_heap_descriptor_intlibspace.o
         8          4          0          0          0         68   rt_locale_intlibspace.o
        68          0          0          0          0         68   rt_memclr.o
        78          0          0          0          0         80   rt_memclr_w.o
       100          0          0          0          0         80   rt_memcpy_w.o
         2          0          0          0          0          0   rtexit.o
        10          0          0          0          0          0   rtexit2.o
        44          8          0          0          0         84   scanf_char.o
        70          0          0          0          0         80   setvbuf.o
       240          6          0          0          0        156   stdio.o
         0          0          0         12        252          0   stdio_streams.o
       128          0          0          0          0         68   strcmpv7m.o
        62          0          0          0          0         76   strlen.o
        74          0          0          0          0         80   sys_stackheap_outer.o
        30          0          0          0          0         76   toupper.o
         2          0          0          0          0         68   use_no_semi.o

    ----------------------------------------------------------------------
      5382        278        332         12        576       5052   Library Totals
        14          0          3          0          0          0   (incl. Padding)

    ----------------------------------------------------------------------

      Code (inc. data)   RO Data    RW Data    ZI Data      Debug   Library Name

      5368        278        329         12        576       5052   c_w.l

    ----------------------------------------------------------------------
      5382        278        332         12        576       5052   Library Totals

    ----------------------------------------------------------------------

==============================================================================


      Code (inc. data)   RO Data    RW Data    ZI Data      Debug   

     24936       4438     318008        252       5244     168359   Grand Totals
     24936       4438     318008        252       5244     168359   ELF Image Totals
     24936       4438     318008        252          0          0   ROM Totals

==============================================================================

    Total RO  Size (Code + RO Data)               342944 ( 334.91kB)
    Total RW  Size (RW Data + ZI Data)              5496 (   5.37kB)
    Total ROM Size (Code + RO Data + RW Data)     343196 ( 335.15kB)

==============================================================================

